Archive member included because of file (symbol)

/opt/src/gcc-arm-none-eabi-4_8-2014q1/bin/../lib/gcc/arm-none-eabi/4.8.3/../../../../arm-none-eabi/lib/armv7e-m/softfp/libstdc++_s.a(del_op.o)
                              mbed/common/BusIn.o (operator delete(void*))
/opt/src/gcc-arm-none-eabi-4_8-2014q1/bin/../lib/gcc/arm-none-eabi/4.8.3/../../../../arm-none-eabi/lib/armv7e-m/softfp/libstdc++_s.a(del_opv.o)
                              mbed/common/RawSerial.o (operator delete[](void*))
/opt/src/gcc-arm-none-eabi-4_8-2014q1/bin/../lib/gcc/arm-none-eabi/4.8.3/../../../../arm-none-eabi/lib/armv7e-m/softfp/libstdc++_s.a(new_op.o)
                              mbed/common/BusIn.o (operator new(unsigned int))
/opt/src/gcc-arm-none-eabi-4_8-2014q1/bin/../lib/gcc/arm-none-eabi/4.8.3/../../../../arm-none-eabi/lib/armv7e-m/softfp/libstdc++_s.a(new_opv.o)
                              mbed/common/CallChain.o (operator new[](unsigned int))
/opt/src/gcc-arm-none-eabi-4_8-2014q1/bin/../lib/gcc/arm-none-eabi/4.8.3/../../../../arm-none-eabi/lib/armv7e-m/softfp/libstdc++_s.a(new_handler.o)
                              /opt/src/gcc-arm-none-eabi-4_8-2014q1/bin/../lib/gcc/arm-none-eabi/4.8.3/../../../../arm-none-eabi/lib/armv7e-m/softfp/libstdc++_s.a(new_op.o) (__new_handler)
/opt/src/gcc-arm-none-eabi-4_8-2014q1/bin/../lib/gcc/arm-none-eabi/4.8.3/../../../../arm-none-eabi/lib/armv7e-m/softfp/libc_s.a(lib_a-abort.o)
                              /opt/src/gcc-arm-none-eabi-4_8-2014q1/bin/../lib/gcc/arm-none-eabi/4.8.3/../../../../arm-none-eabi/lib/armv7e-m/softfp/libstdc++_s.a(new_op.o) (abort)
/opt/src/gcc-arm-none-eabi-4_8-2014q1/bin/../lib/gcc/arm-none-eabi/4.8.3/../../../../arm-none-eabi/lib/armv7e-m/softfp/libc_s.a(lib_a-errno.o)
                              mbed/common/retarget.o (__errno)
/opt/src/gcc-arm-none-eabi-4_8-2014q1/bin/../lib/gcc/arm-none-eabi/4.8.3/../../../../arm-none-eabi/lib/armv7e-m/softfp/libc_s.a(lib_a-exit.o)
                              /opt/src/gcc-arm-none-eabi-4_8-2014q1/bin/../lib/gcc/arm-none-eabi/4.8.3/../../../../arm-none-eabi/lib/armv7e-m/softfp/crt0.o (exit)
/opt/src/gcc-arm-none-eabi-4_8-2014q1/bin/../lib/gcc/arm-none-eabi/4.8.3/../../../../arm-none-eabi/lib/armv7e-m/softfp/libc_s.a(lib_a-fclose.o)
                              mbed/common/Stream.o (fclose)
/opt/src/gcc-arm-none-eabi-4_8-2014q1/bin/../lib/gcc/arm-none-eabi/4.8.3/../../../../arm-none-eabi/lib/armv7e-m/softfp/libc_s.a(lib_a-fflush.o)
                              /opt/src/gcc-arm-none-eabi-4_8-2014q1/bin/../lib/gcc/arm-none-eabi/4.8.3/../../../../arm-none-eabi/lib/armv7e-m/softfp/libc_s.a(lib_a-fclose.o) (_fflush_r)
/opt/src/gcc-arm-none-eabi-4_8-2014q1/bin/../lib/gcc/arm-none-eabi/4.8.3/../../../../arm-none-eabi/lib/armv7e-m/softfp/libc_s.a(lib_a-fgetc.o)
                              mbed/common/retarget.o (fgetc)
/opt/src/gcc-arm-none-eabi-4_8-2014q1/bin/../lib/gcc/arm-none-eabi/4.8.3/../../../../arm-none-eabi/lib/armv7e-m/softfp/libc_s.a(lib_a-fgets.o)
                              mbed/common/retarget.o (fgets)
/opt/src/gcc-arm-none-eabi-4_8-2014q1/bin/../lib/gcc/arm-none-eabi/4.8.3/../../../../arm-none-eabi/lib/armv7e-m/softfp/libc_s.a(lib_a-findfp.o)
                              /opt/src/gcc-arm-none-eabi-4_8-2014q1/bin/../lib/gcc/arm-none-eabi/4.8.3/../../../../arm-none-eabi/lib/armv7e-m/softfp/libc_s.a(lib_a-fclose.o) (__sinit)
/opt/src/gcc-arm-none-eabi-4_8-2014q1/bin/../lib/gcc/arm-none-eabi/4.8.3/../../../../arm-none-eabi/lib/armv7e-m/softfp/libc_s.a(lib_a-fopen.o)
                              mbed/common/Stream.o (fopen)
/opt/src/gcc-arm-none-eabi-4_8-2014q1/bin/../lib/gcc/arm-none-eabi/4.8.3/../../../../arm-none-eabi/lib/armv7e-m/softfp/libc_s.a(lib_a-fprintf.o)
                              mbed/common/assert.o (fprintf)
/opt/src/gcc-arm-none-eabi-4_8-2014q1/bin/../lib/gcc/arm-none-eabi/4.8.3/../../../../arm-none-eabi/lib/armv7e-m/softfp/libc_s.a(lib_a-fputc.o)
                              mbed/common/Stream.o (fputc)
/opt/src/gcc-arm-none-eabi-4_8-2014q1/bin/../lib/gcc/arm-none-eabi/4.8.3/../../../../arm-none-eabi/lib/armv7e-m/softfp/libc_s.a(lib_a-fputs.o)
                              mbed/common/Stream.o (fputs)
/opt/src/gcc-arm-none-eabi-4_8-2014q1/bin/../lib/gcc/arm-none-eabi/4.8.3/../../../../arm-none-eabi/lib/armv7e-m/softfp/libc_s.a(lib_a-fseek.o)
                              /opt/src/gcc-arm-none-eabi-4_8-2014q1/bin/../lib/gcc/arm-none-eabi/4.8.3/../../../../arm-none-eabi/lib/armv7e-m/softfp/libc_s.a(lib_a-fopen.o) (_fseek_r)
/opt/src/gcc-arm-none-eabi-4_8-2014q1/bin/../lib/gcc/arm-none-eabi/4.8.3/../../../../arm-none-eabi/lib/armv7e-m/softfp/libc_s.a(lib_a-fseeko.o)
                              /opt/src/gcc-arm-none-eabi-4_8-2014q1/bin/../lib/gcc/arm-none-eabi/4.8.3/../../../../arm-none-eabi/lib/armv7e-m/softfp/libc_s.a(lib_a-fseek.o) (_fseeko_r)
/opt/src/gcc-arm-none-eabi-4_8-2014q1/bin/../lib/gcc/arm-none-eabi/4.8.3/../../../../arm-none-eabi/lib/armv7e-m/softfp/libc_s.a(lib_a-fwalk.o)
[...]
Memory Configuration

Name             Origin             Length             Attributes
FLASH            0x0000000008000000 0x0000000000100000 xr
CCM              0x0000000010000000 0x0000000000010000 xrw
RAM              0x0000000020000188 0x000000000001fe78 xrw
*default*        0x0000000000000000 0xffffffffffffffff

Linker script and memory map

LOAD /opt/src/gcc-arm-none-eabi-4_8-2014q1/bin/../lib/gcc/arm-none-eabi/4.8.3/armv7e-m/softfp/crti.o
LOAD /opt/src/gcc-arm-none-eabi-4_8-2014q1/bin/../lib/gcc/arm-none-eabi/4.8.3/armv7e-m/softfp/crtbegin.o
LOAD /opt/src/gcc-arm-none-eabi-4_8-2014q1/bin/../lib/gcc/arm-none-eabi/4.8.3/../../../../arm-none-eabi/lib/armv7e-m/softfp/crt0.o
LOAD mbed/targets/cmsis/TARGET_STM/TARGET_STM32F4/TARGET_STM32F407VG/TOOLCHAIN_GCC_ARM/startup_stm32f407xx.o
LOAD mbed/common/assert.o
LOAD mbed/common/board.o
LOAD mbed/common/error.o
LOAD mbed/common/exit.o
LOAD mbed/common/gpio.o
LOAD mbed/common/mbed_interface.o
LOAD mbed/common/pinmap_common.o
LOAD mbed/common/rtc_time.o
LOAD mbed/common/semihost_api.o
LOAD mbed/common/us_ticker_api.o
LOAD mbed/common/wait_api.o
LOAD mbed/targets/cmsis/TARGET_STM/TARGET_STM32F4/stm32f4xx_hal.o
LOAD mbed/targets/cmsis/TARGET_STM/TARGET_STM32F4/stm32f4xx_hal_adc.o
LOAD mbed/targets/cmsis/TARGET_STM/TARGET_STM32F4/stm32f4xx_hal_adc_ex.o
LOAD mbed/targets/cmsis/TARGET_STM/TARGET_STM32F4/stm32f4xx_hal_can.o
LOAD mbed/targets/cmsis/TARGET_STM/TARGET_STM32F4/stm32f4xx_hal_cortex.o
LOAD mbed/targets/cmsis/TARGET_STM/TARGET_STM32F4/stm32f4xx_hal_crc.o
LOAD mbed/targets/cmsis/TARGET_STM/TARGET_STM32F4/stm32f4xx_hal_cryp.o
LOAD mbed/targets/cmsis/TARGET_STM/TARGET_STM32F4/stm32f4xx_hal_cryp_ex.o
LOAD mbed/targets/cmsis/TARGET_STM/TARGET_STM32F4/stm32f4xx_hal_dac.o
LOAD mbed/targets/cmsis/TARGET_STM/TARGET_STM32F4/stm32f4xx_hal_dac_ex.o
LOAD mbed/targets/cmsis/TARGET_STM/TARGET_STM32F4/stm32f4xx_hal_dcmi.o
LOAD mbed/targets/cmsis/TARGET_STM/TARGET_STM32F4/stm32f4xx_hal_dma.o
LOAD mbed/targets/cmsis/TARGET_STM/TARGET_STM32F4/stm32f4xx_hal_dma2d.o
LOAD mbed/targets/cmsis/TARGET_STM/TARGET_STM32F4/stm32f4xx_hal_dma_ex.o
LOAD mbed/targets/cmsis/TARGET_STM/TARGET_STM32F4/stm32f4xx_hal_eth.o
LOAD mbed/targets/cmsis/TARGET_STM/TARGET_STM32F4/stm32f4xx_hal_flash.o
LOAD mbed/targets/cmsis/TARGET_STM/TARGET_STM32F4/stm32f4xx_hal_flash_ex.o
LOAD mbed/targets/cmsis/TARGET_STM/TARGET_STM32F4/stm32f4xx_hal_flash_ramfunc.o
LOAD mbed/targets/cmsis/TARGET_STM/TARGET_STM32F4/stm32f4xx_hal_gpio.o
LOAD mbed/targets/cmsis/TARGET_STM/TARGET_STM32F4/stm32f4xx_hal_hash.o
LOAD mbed/targets/cmsis/TARGET_STM/TARGET_STM32F4/stm32f4xx_hal_hash_ex.o
LOAD mbed/targets/cmsis/TARGET_STM/TARGET_STM32F4/stm32f4xx_hal_hcd.o
LOAD mbed/targets/cmsis/TARGET_STM/TARGET_STM32F4/stm32f4xx_hal_i2c.o
LOAD mbed/targets/cmsis/TARGET_STM/TARGET_STM32F4/stm32f4xx_hal_i2c_ex.o
LOAD mbed/targets/cmsis/TARGET_STM/TARGET_STM32F4/stm32f4xx_hal_i2s.o
LOAD mbed/targets/cmsis/TARGET_STM/TARGET_STM32F4/stm32f4xx_hal_i2s_ex.o
LOAD mbed/targets/cmsis/TARGET_STM/TARGET_STM32F4/stm32f4xx_hal_irda.o
LOAD mbed/targets/cmsis/TARGET_STM/TARGET_STM32F4/stm32f4xx_hal_iwdg.o
LOAD mbed/targets/cmsis/TARGET_STM/TARGET_STM32F4/stm32f4xx_hal_ltdc.o
LOAD mbed/targets/cmsis/TARGET_STM/TARGET_STM32F4/stm32f4xx_hal_nand.o
LOAD mbed/targets/cmsis/TARGET_STM/TARGET_STM32F4/stm32f4xx_hal_nor.o
LOAD mbed/targets/cmsis/TARGET_STM/TARGET_STM32F4/stm32f4xx_hal_pccard.o
LOAD mbed/targets/cmsis/TARGET_STM/TARGET_STM32F4/stm32f4xx_hal_pcd.o
LOAD mbed/targets/cmsis/TARGET_STM/TARGET_STM32F4/stm32f4xx_hal_pcd_ex.o
LOAD mbed/targets/cmsis/TARGET_STM/TARGET_STM32F4/stm32f4xx_hal_pwr.o
LOAD mbed/targets/cmsis/TARGET_STM/TARGET_STM32F4/stm32f4xx_hal_pwr_ex.o
LOAD mbed/targets/cmsis/TARGET_STM/TARGET_STM32F4/stm32f4xx_hal_rcc.o
LOAD mbed/targets/cmsis/TARGET_STM/TARGET_STM32F4/stm32f4xx_hal_rcc_ex.o
LOAD mbed/targets/cmsis/TARGET_STM/TARGET_STM32F4/stm32f4xx_hal_rng.o
LOAD mbed/targets/cmsis/TARGET_STM/TARGET_STM32F4/stm32f4xx_hal_rtc.o
LOAD mbed/targets/cmsis/TARGET_STM/TARGET_STM32F4/stm32f4xx_hal_rtc_ex.o
LOAD mbed/targets/cmsis/TARGET_STM/TARGET_STM32F4/stm32f4xx_hal_sai.o
LOAD mbed/targets/cmsis/TARGET_STM/TARGET_STM32F4/stm32f4xx_hal_sd.o
LOAD mbed/targets/cmsis/TARGET_STM/TARGET_STM32F4/stm32f4xx_hal_sdram.o
LOAD mbed/targets/cmsis/TARGET_STM/TARGET_STM32F4/stm32f4xx_hal_smartcard.o
LOAD mbed/targets/cmsis/TARGET_STM/TARGET_STM32F4/stm32f4xx_hal_spi.o
LOAD mbed/targets/cmsis/TARGET_STM/TARGET_STM32F4/stm32f4xx_hal_sram.o
LOAD mbed/targets/cmsis/TARGET_STM/TARGET_STM32F4/stm32f4xx_hal_tim.o
LOAD mbed/targets/cmsis/TARGET_STM/TARGET_STM32F4/stm32f4xx_hal_tim_ex.o
LOAD mbed/targets/cmsis/TARGET_STM/TARGET_STM32F4/stm32f4xx_hal_uart.o
LOAD mbed/targets/cmsis/TARGET_STM/TARGET_STM32F4/stm32f4xx_hal_usart.o
LOAD mbed/targets/cmsis/TARGET_STM/TARGET_STM32F4/stm32f4xx_hal_wwdg.o
LOAD mbed/targets/cmsis/TARGET_STM/TARGET_STM32F4/stm32f4xx_ll_fmc.o
LOAD mbed/targets/cmsis/TARGET_STM/TARGET_STM32F4/stm32f4xx_ll_fsmc.o
LOAD mbed/targets/cmsis/TARGET_STM/TARGET_STM32F4/stm32f4xx_ll_sdmmc.o
LOAD mbed/targets/cmsis/TARGET_STM/TARGET_STM32F4/stm32f4xx_ll_usb.o
LOAD mbed/targets/cmsis/TARGET_STM/TARGET_STM32F4/TARGET_STM32F407VG/cmsis_nvic.o
LOAD mbed/targets/cmsis/TARGET_STM/TARGET_STM32F4/TARGET_STM32F407VG/hal_tick.o
LOAD mbed/targets/cmsis/TARGET_STM/TARGET_STM32F4/TARGET_STM32F407VG/system_stm32f4xx.o
LOAD mbed/targets/hal/TARGET_STM/TARGET_STM32F407VG/analogin_api.o
LOAD mbed/targets/hal/TARGET_STM/TARGET_STM32F407VG/analogout_api.o
LOAD mbed/targets/hal/TARGET_STM/TARGET_STM32F407VG/gpio_api.o
LOAD mbed/targets/hal/TARGET_STM/TARGET_STM32F407VG/gpio_irq_api.o
LOAD mbed/targets/hal/TARGET_STM/TARGET_STM32F407VG/i2c_api.o
LOAD mbed/targets/hal/TARGET_STM/TARGET_STM32F407VG/mbed_overrides.o
LOAD mbed/targets/hal/TARGET_STM/TARGET_STM32F407VG/PeripheralPins.o
LOAD mbed/targets/hal/TARGET_STM/TARGET_STM32F407VG/pinmap.o
LOAD mbed/targets/hal/TARGET_STM/TARGET_STM32F407VG/port_api.o
LOAD mbed/targets/hal/TARGET_STM/TARGET_STM32F407VG/pwmout_api.o
LOAD mbed/targets/hal/TARGET_STM/TARGET_STM32F407VG/rtc_api.o
LOAD mbed/targets/hal/TARGET_STM/TARGET_STM32F407VG/serial_api.o
LOAD mbed/targets/hal/TARGET_STM/TARGET_STM32F407VG/sleep.o
LOAD mbed/targets/hal/TARGET_STM/TARGET_STM32F407VG/spi_api.o
LOAD mbed/targets/hal/TARGET_STM/TARGET_STM32F407VG/us_ticker.o
LOAD main.o
LOAD env/test_env.o
LOAD mbed/common/BusIn.o
LOAD mbed/common/BusInOut.o
LOAD mbed/common/BusOut.o
LOAD mbed/common/CallChain.o
LOAD mbed/common/CAN.o
LOAD mbed/common/Ethernet.o
LOAD mbed/common/FileBase.o
LOAD mbed/common/FileLike.o
LOAD mbed/common/FilePath.o
LOAD mbed/common/FileSystemLike.o
LOAD mbed/common/FunctionPointer.o
LOAD mbed/common/I2C.o
LOAD mbed/common/I2CSlave.o
LOAD mbed/common/InterruptIn.o
LOAD mbed/common/InterruptManager.o
LOAD mbed/common/LocalFileSystem.o
LOAD mbed/common/RawSerial.o
LOAD mbed/common/retarget.o
LOAD mbed/common/Serial.o
LOAD mbed/common/SerialBase.o
LOAD mbed/common/SPI.o
LOAD mbed/common/SPISlave.o
LOAD mbed/common/Stream.o
LOAD mbed/common/Ticker.o
LOAD mbed/common/Timeout.o
LOAD mbed/common/Timer.o
LOAD mbed/common/TimerEvent.o
LOAD /opt/src/gcc-arm-none-eabi-4_8-2014q1/bin/../lib/gcc/arm-none-eabi/4.8.3/../../../../arm-none-eabi/lib/armv7e-m/softfp/libstdc++_s.a
LOAD /opt/src/gcc-arm-none-eabi-4_8-2014q1/bin/../lib/gcc/arm-none-eabi/4.8.3/../../../../arm-none-eabi/lib/armv7e-m/softfp/libsupc++_s.a
LOAD /opt/src/gcc-arm-none-eabi-4_8-2014q1/bin/../lib/gcc/arm-none-eabi/4.8.3/../../../../arm-none-eabi/lib/armv7e-m/softfp/libm.a
LOAD /opt/src/gcc-arm-none-eabi-4_8-2014q1/bin/../lib/gcc/arm-none-eabi/4.8.3/../../../../arm-none-eabi/lib/armv7e-m/softfp/libc_s.a
LOAD /opt/src/gcc-arm-none-eabi-4_8-2014q1/bin/../lib/gcc/arm-none-eabi/4.8.3/armv7e-m/softfp/libgcc.a
LOAD /opt/src/gcc-arm-none-eabi-4_8-2014q1/bin/../lib/gcc/arm-none-eabi/4.8.3/../../../../arm-none-eabi/lib/armv7e-m/softfp/libnosys.a
LOAD /opt/src/gcc-arm-none-eabi-4_8-2014q1/bin/../lib/gcc/arm-none-eabi/4.8.3/../../../../arm-none-eabi/lib/armv7e-m/softfp/libstdc++_s.a
LOAD /opt/src/gcc-arm-none-eabi-4_8-2014q1/bin/../lib/gcc/arm-none-eabi/4.8.3/../../../../arm-none-eabi/lib/armv7e-m/softfp/libsupc++_s.a
LOAD /opt/src/gcc-arm-none-eabi-4_8-2014q1/bin/../lib/gcc/arm-none-eabi/4.8.3/../../../../arm-none-eabi/lib/armv7e-m/softfp/libm.a
LOAD /opt/src/gcc-arm-none-eabi-4_8-2014q1/bin/../lib/gcc/arm-none-eabi/4.8.3/../../../../arm-none-eabi/lib/armv7e-m/softfp/libc_s.a
LOAD /opt/src/gcc-arm-none-eabi-4_8-2014q1/bin/../lib/gcc/arm-none-eabi/4.8.3/armv7e-m/softfp/libgcc.a
LOAD /opt/src/gcc-arm-none-eabi-4_8-2014q1/bin/../lib/gcc/arm-none-eabi/4.8.3/../../../../arm-none-eabi/lib/armv7e-m/softfp/libnosys.a
START GROUP
LOAD /opt/src/gcc-arm-none-eabi-4_8-2014q1/bin/../lib/gcc/arm-none-eabi/4.8.3/armv7e-m/softfp/libgcc.a
LOAD /opt/src/gcc-arm-none-eabi-4_8-2014q1/bin/../lib/gcc/arm-none-eabi/4.8.3/../../../../arm-none-eabi/lib/armv7e-m/softfp/libc_s.a
END GROUP
START GROUP
LOAD /opt/src/gcc-arm-none-eabi-4_8-2014q1/bin/../lib/gcc/arm-none-eabi/4.8.3/armv7e-m/softfp/libgcc.a
LOAD /opt/src/gcc-arm-none-eabi-4_8-2014q1/bin/../lib/gcc/arm-none-eabi/4.8.3/../../../../arm-none-eabi/lib/armv7e-m/softfp/libc_s.a
END GROUP
LOAD /opt/src/gcc-arm-none-eabi-4_8-2014q1/bin/../lib/gcc/arm-none-eabi/4.8.3/armv7e-m/softfp/crtend.o
LOAD /opt/src/gcc-arm-none-eabi-4_8-2014q1/bin/../lib/gcc/arm-none-eabi/4.8.3/armv7e-m/softfp/crtn.o

.text           0x0000000008000000     0x6ac0
 *(.isr_vector)
 .isr_vector    0x0000000008000000      0x188 mbed/targets/cmsis/TARGET_STM/TARGET_STM32F4/TARGET_STM32F407VG/TOOLCHAIN_GCC_ARM/startup_stm32f407xx.o
                0x0000000008000000                g_pfnVectors
 *(.text*)
 .text          0x0000000008000188       0x54 /opt/src/gcc-arm-none-eabi-4_8-2014q1/bin/../lib/gcc/arm-none-eabi/4.8.3/armv7e-m/softfp/crtbegin.o
 .text.Reset_Handler
                0x00000000080001dc       0x58 mbed/targets/cmsis/TARGET_STM/TARGET_STM32F4/TARGET_STM32F407VG/TOOLCHAIN_GCC_ARM/startup_stm32f407xx.o
                0x00000000080001dc                Reset_Handler
 .text.Default_Handler
                0x0000000008000234        0x4 mbed/targets/cmsis/TARGET_STM/TARGET_STM32F4/TARGET_STM32F407VG/TOOLCHAIN_GCC_ARM/startup_stm32f407xx.o
                0x0000000008000234                DMA1_Stream3_IRQHandler
                0x0000000008000234                HASH_RNG_IRQHandler
                0x0000000008000234                EXTI2_IRQHandler
                0x0000000008000234                TIM8_CC_IRQHandler
                0x0000000008000234                DebugMon_Handler
                0x0000000008000234                TIM1_CC_IRQHandler
                0x0000000008000234                DMA2_Stream5_IRQHandler
                0x0000000008000234                HardFault_Handler
                0x0000000008000234                DMA1_Stream5_IRQHandler
                0x0000000008000234                SysTick_Handler
                0x0000000008000234                PVD_IRQHandler
                0x0000000008000234                SDIO_IRQHandler
                0x0000000008000234                TAMP_STAMP_IRQHandler
                0x0000000008000234                PendSV_Handler
                0x0000000008000234                NMI_Handler
                0x0000000008000234                CAN2_RX1_IRQHandler
                0x0000000008000234                EXTI3_IRQHandler
                0x0000000008000234                TIM8_TRG_COM_TIM14_IRQHandler
                0x0000000008000234                TIM1_UP_TIM10_IRQHandler
                0x0000000008000234                TIM8_UP_TIM13_IRQHandler
                0x0000000008000234                I2C3_ER_IRQHandler
                0x0000000008000234                EXTI0_IRQHandler
                0x0000000008000234                I2C2_EV_IRQHandler
                0x0000000008000234                DMA1_Stream2_IRQHandler
                0x0000000008000234                CAN1_RX0_IRQHandler
                0x0000000008000234                FPU_IRQHandler
                0x0000000008000234                OTG_HS_WKUP_IRQHandler
                0x0000000008000234                UsageFault_Handler
                0x0000000008000234                CAN2_SCE_IRQHandler
                0x0000000008000234                DMA2_Stream2_IRQHandler
                0x0000000008000234                SPI1_IRQHandler
                0x0000000008000234                TIM6_DAC_IRQHandler
                0x0000000008000234                TIM1_BRK_TIM9_IRQHandler
                0x0000000008000234                DCMI_IRQHandler
                0x0000000008000234                CAN2_RX0_IRQHandler
                0x0000000008000234                DMA2_Stream3_IRQHandler
                0x0000000008000234                USART6_IRQHandler
                0x0000000008000234                USART3_IRQHandler
                0x0000000008000234                CAN1_RX1_IRQHandler
                0x0000000008000234                UART5_IRQHandler
                0x0000000008000234                DMA2_Stream0_IRQHandler
                0x0000000008000234                TIM4_IRQHandler
                0x0000000008000234                I2C1_EV_IRQHandler
                0x0000000008000234                DMA1_Stream6_IRQHandler
                0x0000000008000234                DMA1_Stream1_IRQHandler
                0x0000000008000234                UART4_IRQHandler
                0x0000000008000234                TIM3_IRQHandler
                0x0000000008000234                RCC_IRQHandler
                0x0000000008000234                TIM8_BRK_TIM12_IRQHandler
                0x0000000008000234                Default_Handler
                0x0000000008000234                EXTI15_10_IRQHandler
                0x0000000008000234                ADC_IRQHandler
                0x0000000008000234                DMA1_Stream7_IRQHandler
                0x0000000008000234                TIM7_IRQHandler
                0x0000000008000234                CAN2_TX_IRQHandler
                0x0000000008000234                TIM5_IRQHandler
                0x0000000008000234                DMA2_Stream7_IRQHandler
                0x0000000008000234                I2C3_EV_IRQHandler
                0x0000000008000234                EXTI9_5_IRQHandler
                0x0000000008000234                RTC_WKUP_IRQHandler
                0x0000000008000234                ETH_WKUP_IRQHandler
                0x0000000008000234                SPI2_IRQHandler
                0x0000000008000234                OTG_HS_EP1_IN_IRQHandler
                0x0000000008000234                MemManage_Handler
                0x0000000008000234                DMA1_Stream0_IRQHandler
                0x0000000008000234                CAN1_TX_IRQHandler
                0x0000000008000234                SVC_Handler
                0x0000000008000234                EXTI4_IRQHandler
                0x0000000008000234                FSMC_IRQHandler
                0x0000000008000234                ETH_IRQHandler
                0x0000000008000234                OTG_HS_EP1_OUT_IRQHandler
                0x0000000008000234                WWDG_IRQHandler
                0x0000000008000234                TIM2_IRQHandler
                0x0000000008000234                OTG_FS_WKUP_IRQHandler
                0x0000000008000234                TIM1_TRG_COM_TIM11_IRQHandler
                0x0000000008000234                OTG_HS_IRQHandler
                0x0000000008000234                EXTI1_IRQHandler
                0x0000000008000234                USART2_IRQHandler
                0x0000000008000234                I2C2_ER_IRQHandler
                0x0000000008000234                DMA2_Stream1_IRQHandler
                0x0000000008000234                CAN1_SCE_IRQHandler
                0x0000000008000234                FLASH_IRQHandler
                0x0000000008000234                DMA2_Stream4_IRQHandler
                0x0000000008000234                BusFault_Handler
                0x0000000008000234                USART1_IRQHandler
                0x0000000008000234                OTG_FS_IRQHandler
                0x0000000008000234                SPI3_IRQHandler
                0x0000000008000234                DMA1_Stream4_IRQHandler
                0x0000000008000234                I2C1_ER_IRQHandler
                0x0000000008000234                DMA2_Stream6_IRQHandler
                0x0000000008000234                RTC_Alarm_IRQHandler
 .text.mbed_die
                0x0000000008000238       0x12 mbed/common/board.o
                0x0000000008000238                mbed_die
 *fill*         0x000000000800024a        0x2 
 .text.error    0x000000000800024c       0x20 mbed/common/error.o
                0x000000000800024c                error
 .text._exit    0x000000000800026c       0x24 mbed/common/exit.o
                0x000000000800026c                _exit
 .text.gpio_init_out_ex
                0x0000000008000290       0x34 mbed/common/gpio.o
                0x0000000008000290                gpio_init_out_ex
 .text.gpio_init_out
                0x00000000080002c4        0x6 mbed/common/gpio.o
                0x00000000080002c4                gpio_init_out
 *fill*         0x00000000080002ca        0x2 
 .text.pinmap_pinout
                0x00000000080002cc       0x3c mbed/common/pinmap_common.o
                0x00000000080002cc                pinmap_pinout
 .text.pinmap_merge
                0x0000000008000308       0x24 mbed/common/pinmap_common.o
                0x0000000008000308                pinmap_merge
 .text.pinmap_find_peripheral
                0x000000000800032c       0x18 mbed/common/pinmap_common.o
                0x000000000800032c                pinmap_find_peripheral
 .text.pinmap_peripheral
                0x0000000008000344       0x20 mbed/common/pinmap_common.o
                0x0000000008000344                pinmap_peripheral
 .text.us_ticker_irq_handler
                0x0000000008000364       0x4c mbed/common/us_ticker_api.o
                0x0000000008000364                us_ticker_irq_handler
 .text.wait_us  0x00000000080003b0       0x16 mbed/common/wait_api.o
                0x00000000080003b0                wait_us
 *fill*         0x00000000080003c6        0x2 
 .text.wait     0x00000000080003c8       0x1c mbed/common/wait_api.o
                0x00000000080003c8                wait
 .text.wait_ms  0x00000000080003e4        0xa mbed/common/wait_api.o
                0x00000000080003e4                wait_ms
 .text.HAL_MspInit
                0x00000000080003ee        0x2 mbed/targets/cmsis/TARGET_STM/TARGET_STM32F4/stm32f4xx_hal.o
                0x00000000080003ee                HAL_MspInit
 .text.HAL_Init
                0x00000000080003f0       0x34 mbed/targets/cmsis/TARGET_STM/TARGET_STM32F4/stm32f4xx_hal.o
                0x00000000080003f0                HAL_Init
 .text.HAL_IncTick
                0x0000000008000424       0x10 mbed/targets/cmsis/TARGET_STM/TARGET_STM32F4/stm32f4xx_hal.o
                0x0000000008000424                HAL_IncTick
 .text.HAL_GetTick
                0x0000000008000434        0xc mbed/targets/cmsis/TARGET_STM/TARGET_STM32F4/stm32f4xx_hal.o
                0x0000000008000434                HAL_GetTick
 .text.HAL_NVIC_SetPriorityGrouping
                0x0000000008000440       0x24 mbed/targets/cmsis/TARGET_STM/TARGET_STM32F4/stm32f4xx_hal_cortex.o
                0x0000000008000440                HAL_NVIC_SetPriorityGrouping
 .text.HAL_GPIO_Init
                0x0000000008000464      0x1d0 mbed/targets/cmsis/TARGET_STM/TARGET_STM32F4/stm32f4xx_hal_gpio.o
                0x0000000008000464                HAL_GPIO_Init
 .text.HAL_RCC_OscConfig
                0x0000000008000634      0x2fc mbed/targets/cmsis/TARGET_STM/TARGET_STM32F4/stm32f4xx_hal_rcc.o
                0x0000000008000634                HAL_RCC_OscConfig
 .text.HAL_RCC_ClockConfig
                0x0000000008000930      0x1c4 mbed/targets/cmsis/TARGET_STM/TARGET_STM32F4/stm32f4xx_hal_rcc.o
                0x0000000008000930                HAL_RCC_ClockConfig
 .text.HAL_RCC_GetSysClockFreq
                0x0000000008000af4       0xa8 mbed/targets/cmsis/TARGET_STM/TARGET_STM32F4/stm32f4xx_hal_rcc.o
                0x0000000008000af4                HAL_RCC_GetSysClockFreq
 .text.HAL_RCC_GetHCLKFreq
                0x0000000008000b9c       0x38 mbed/targets/cmsis/TARGET_STM/TARGET_STM32F4/stm32f4xx_hal_rcc.o
                0x0000000008000b9c                HAL_RCC_GetHCLKFreq
 .text.HAL_RCC_GetPCLK1Freq
                0x0000000008000bd4       0x30 mbed/targets/cmsis/TARGET_STM/TARGET_STM32F4/stm32f4xx_hal_rcc.o
                0x0000000008000bd4                HAL_RCC_GetPCLK1Freq
 .text.HAL_RCC_GetPCLK2Freq
                0x0000000008000c04       0x30 mbed/targets/cmsis/TARGET_STM/TARGET_STM32F4/stm32f4xx_hal_rcc.o
                0x0000000008000c04                HAL_RCC_GetPCLK2Freq
 .text.HAL_TIM_OC_MspInit
                0x0000000008000c34        0x2 mbed/targets/cmsis/TARGET_STM/TARGET_STM32F4/stm32f4xx_hal_tim.o
                0x0000000008000c34                HAL_TIM_OC_MspInit
 *fill*         0x0000000008000c36        0x2 
 .text.TIM_Base_SetConfig
                0x0000000008000c38       0xc8 mbed/targets/cmsis/TARGET_STM/TARGET_STM32F4/stm32f4xx_hal_tim.o
                0x0000000008000c38                TIM_Base_SetConfig
 .text.HAL_TIM_OC_Init
                0x0000000008000d00       0x2c mbed/targets/cmsis/TARGET_STM/TARGET_STM32F4/stm32f4xx_hal_tim.o
                0x0000000008000d00                HAL_TIM_OC_Init
 .text.TIM_CCxChannelCmd
                0x0000000008000d2c       0x18 mbed/targets/cmsis/TARGET_STM/TARGET_STM32F4/stm32f4xx_hal_tim.o
                0x0000000008000d2c                TIM_CCxChannelCmd
 .text.HAL_TIM_OC_Start
                0x0000000008000d44       0x34 mbed/targets/cmsis/TARGET_STM/TARGET_STM32F4/stm32f4xx_hal_tim.o
                0x0000000008000d44                HAL_TIM_OC_Start
 .text.UART_SetConfig
                0x0000000008000d78      0x14c mbed/targets/cmsis/TARGET_STM/TARGET_STM32F4/stm32f4xx_hal_uart.o
 .text.HAL_UART_MspInit
                0x0000000008000ec4        0x2 mbed/targets/cmsis/TARGET_STM/TARGET_STM32F4/stm32f4xx_hal_uart.o
                0x0000000008000ec4                HAL_UART_MspInit
 .text.HAL_UART_Init
                0x0000000008000ec6       0x52 mbed/targets/cmsis/TARGET_STM/TARGET_STM32F4/stm32f4xx_hal_uart.o
                0x0000000008000ec6                HAL_UART_Init
 .text.NVIC_SetVector
                0x0000000008000f18       0x40 mbed/targets/cmsis/TARGET_STM/TARGET_STM32F4/TARGET_STM32F407VG/cmsis_nvic.o
                0x0000000008000f18                NVIC_SetVector
 .text.timer_irq_handler
                0x0000000008000f58       0x50 mbed/targets/cmsis/TARGET_STM/TARGET_STM32F4/TARGET_STM32F407VG/hal_tick.o
                0x0000000008000f58                timer_irq_handler
 .text.HAL_InitTick
                0x0000000008000fa8       0xac mbed/targets/cmsis/TARGET_STM/TARGET_STM32F4/TARGET_STM32F407VG/hal_tick.o
                0x0000000008000fa8                HAL_InitTick
 .text.SystemCoreClockUpdate
                0x0000000008001054       0x74 mbed/targets/cmsis/TARGET_STM/TARGET_STM32F4/TARGET_STM32F407VG/system_stm32f4xx.o
                0x0000000008001054                SystemCoreClockUpdate
 .text.SetSysClock_PLL_HSE
                0x00000000080010c8       0x7c mbed/targets/cmsis/TARGET_STM/TARGET_STM32F4/TARGET_STM32F407VG/system_stm32f4xx.o
                0x00000000080010c8                SetSysClock_PLL_HSE
 .text.SetSysClock_PLL_HSI
                0x0000000008001144       0x78 mbed/targets/cmsis/TARGET_STM/TARGET_STM32F4/TARGET_STM32F407VG/system_stm32f4xx.o
                0x0000000008001144                SetSysClock_PLL_HSI
 .text.SetSysClock
                0x00000000080011bc       0x1a mbed/targets/cmsis/TARGET_STM/TARGET_STM32F4/TARGET_STM32F407VG/system_stm32f4xx.o
                0x00000000080011bc                SetSysClock
 *fill*         0x00000000080011d6        0x2 
 .text.SystemInit
                0x00000000080011d8       0x78 mbed/targets/cmsis/TARGET_STM/TARGET_STM32F4/TARGET_STM32F407VG/system_stm32f4xx.o
                0x00000000080011d8                SystemInit
 .text.gpio_set
                0x0000000008001250       0x14 mbed/targets/hal/TARGET_STM/TARGET_STM32F407VG/gpio_api.o
                0x0000000008001250                gpio_set
 .text.gpio_init
                0x0000000008001264       0x30 mbed/targets/hal/TARGET_STM/TARGET_STM32F407VG/gpio_api.o
                0x0000000008001264                gpio_init
 .text.gpio_mode
                0x0000000008001294        0x8 mbed/targets/hal/TARGET_STM/TARGET_STM32F407VG/gpio_api.o
                0x0000000008001294                gpio_mode
 .text.gpio_dir
                0x000000000800129c        0xe mbed/targets/hal/TARGET_STM/TARGET_STM32F407VG/gpio_api.o
                0x000000000800129c                gpio_dir
 .text.mbed_sdk_init
                0x00000000080012aa        0xe mbed/targets/hal/TARGET_STM/TARGET_STM32F407VG/mbed_overrides.o
                0x00000000080012aa                mbed_sdk_init
 .text.Set_GPIO_Clock
                0x00000000080012b8       0xc8 mbed/targets/hal/TARGET_STM/TARGET_STM32F407VG/pinmap.o
                0x00000000080012b8                Set_GPIO_Clock
 .text.pin_function
                0x0000000008001380       0x48 mbed/targets/hal/TARGET_STM/TARGET_STM32F407VG/pinmap.o
                0x0000000008001380                pin_function
 .text.pin_mode
                0x00000000080013c8       0x30 mbed/targets/hal/TARGET_STM/TARGET_STM32F407VG/pinmap.o
                0x00000000080013c8                pin_mode
 .text.init_uart
                0x00000000080013f8       0x28 mbed/targets/hal/TARGET_STM/TARGET_STM32F407VG/serial_api.o
 .text.serial_init
                0x0000000008001420       0xec mbed/targets/hal/TARGET_STM/TARGET_STM32F407VG/serial_api.o
                0x0000000008001420                serial_init
 .text.serial_readable
                0x000000000800150c       0x14 mbed/targets/hal/TARGET_STM/TARGET_STM32F407VG/serial_api.o
                0x000000000800150c                serial_readable
 .text.serial_getc
                0x0000000008001520       0x18 mbed/targets/hal/TARGET_STM/TARGET_STM32F407VG/serial_api.o
                0x0000000008001520                serial_getc
 .text.serial_writable
                0x0000000008001538       0x14 mbed/targets/hal/TARGET_STM/TARGET_STM32F407VG/serial_api.o
                0x0000000008001538                serial_writable
 .text.serial_putc
                0x000000000800154c       0x1a mbed/targets/hal/TARGET_STM/TARGET_STM32F407VG/serial_api.o
                0x000000000800154c                serial_putc
 *fill*         0x0000000008001566        0x2 
 .text.us_ticker_init
                0x0000000008001568       0x24 mbed/targets/hal/TARGET_STM/TARGET_STM32F407VG/us_ticker.o
                0x0000000008001568                us_ticker_init
 .text.us_ticker_read
                0x000000000800158c       0x1c mbed/targets/hal/TARGET_STM/TARGET_STM32F407VG/us_ticker.o
                0x000000000800158c                us_ticker_read
 .text.us_ticker_set_interrupt
                0x00000000080015a8       0x14 mbed/targets/hal/TARGET_STM/TARGET_STM32F407VG/us_ticker.o
                0x00000000080015a8                us_ticker_set_interrupt
 .text.us_ticker_disable_interrupt
                0x00000000080015bc       0x14 mbed/targets/hal/TARGET_STM/TARGET_STM32F407VG/us_ticker.o
                0x00000000080015bc                us_ticker_disable_interrupt
 .text.us_ticker_clear_interrupt
                0x00000000080015d0       0x10 mbed/targets/hal/TARGET_STM/TARGET_STM32F407VG/us_ticker.o
                0x00000000080015d0                us_ticker_clear_interrupt
 .text.startup.main
                0x00000000080015e0        0xc main.o
                0x00000000080015e0                main
 .text._Z17notify_completionb
                0x00000000080015ec       0x74 env/test_env.o
                0x00000000080015ec                notify_completion(bool)
 .text._ZL11init_serialv
                0x0000000008001660       0x1c mbed/common/retarget.o
 .text._close   0x000000000800167c       0x30 mbed/common/retarget.o
                0x000000000800167c                _close
 .text._write   0x00000000080016ac       0x50 mbed/common/retarget.o
                0x00000000080016ac                _write
 .text._read    0x00000000080016fc       0x44 mbed/common/retarget.o
                0x00000000080016fc                _read
 .text._isatty  0x0000000008001740       0x28 mbed/common/retarget.o
                0x0000000008001740                _isatty
 .text._lseek   0x0000000008001768       0x28 mbed/common/retarget.o
                0x0000000008001768                _lseek
 .text._fstat   0x0000000008001790       0x1e mbed/common/retarget.o
                0x0000000008001790                _fstat
 .text.mbed_main
                0x00000000080017ae        0x2 mbed/common/retarget.o
                0x00000000080017ae                mbed_main
 .text.__wrap_main
                0x00000000080017b0       0x12 mbed/common/retarget.o
                0x00000000080017b0                __wrap_main
 *fill*         0x00000000080017c2        0x2 
 .text._sbrk    0x00000000080017c4       0x2c mbed/common/retarget.o
                0x00000000080017c4                _sbrk
 .text.__errno  0x00000000080017f0        0xc /opt/src/gcc-arm-none-eabi-4_8-2014q1/bin/../lib/gcc/arm-none-eabi/4.8.3/../../../../arm-none-eabi/lib/armv7e-m/softfp/libc_s.a(lib_a-errno.o)
                0x00000000080017f0                __errno
 .text.exit     0x00000000080017fc       0x28 /opt/src/gcc-arm-none-eabi-4_8-2014q1/bin/../lib/gcc/arm-none-eabi/4.8.3/../../../../arm-none-eabi/lib/armv7e-m/softfp/libc_s.a(lib_a-exit.o)
                0x00000000080017fc                exit
 .text.__sflush_r
                0x0000000008001824      0x106 /opt/src/gcc-arm-none-eabi-4_8-2014q1/bin/../lib/gcc/arm-none-eabi/4.8.3/../../../../arm-none-eabi/lib/armv7e-m/softfp/libc_s.a(lib_a-fflush.o)
                0x0000000008001824                __sflush_r
 *fill*         0x000000000800192a        0x2 
 .text._fflush_r
                0x000000000800192c       0x54 /opt/src/gcc-arm-none-eabi-4_8-2014q1/bin/../lib/gcc/arm-none-eabi/4.8.3/../../../../arm-none-eabi/lib/armv7e-m/softfp/libc_s.a(lib_a-fflush.o)
                0x000000000800192c                _fflush_r
 .text.fflush   0x0000000008001980       0x24 /opt/src/gcc-arm-none-eabi-4_8-2014q1/bin/../lib/gcc/arm-none-eabi/4.8.3/../../../../arm-none-eabi/lib/armv7e-m/softfp/libc_s.a(lib_a-fflush.o)
                0x0000000008001980                fflush
 .text._cleanup_r
                0x00000000080019a4       0x32 /opt/src/gcc-arm-none-eabi-4_8-2014q1/bin/../lib/gcc/arm-none-eabi/4.8.3/../../../../arm-none-eabi/lib/armv7e-m/softfp/libc_s.a(lib_a-findfp.o)
                0x00000000080019a4                _cleanup_r
 *fill*         0x00000000080019d6        0x2 
 .text.std.isra.0
                0x00000000080019d8       0x48 /opt/src/gcc-arm-none-eabi-4_8-2014q1/bin/../lib/gcc/arm-none-eabi/4.8.3/../../../../arm-none-eabi/lib/armv7e-m/softfp/libc_s.a(lib_a-findfp.o)
 .text.__sfmoreglue
                0x0000000008001a20       0x2c /opt/src/gcc-arm-none-eabi-4_8-2014q1/bin/../lib/gcc/arm-none-eabi/4.8.3/../../../../arm-none-eabi/lib/armv7e-m/softfp/libc_s.a(lib_a-findfp.o)
                0x0000000008001a20                __sfmoreglue
 .text.__sinit  0x0000000008001a4c       0x60 /opt/src/gcc-arm-none-eabi-4_8-2014q1/bin/../lib/gcc/arm-none-eabi/4.8.3/../../../../arm-none-eabi/lib/armv7e-m/softfp/libc_s.a(lib_a-findfp.o)
                0x0000000008001a4c                __sinit
 .text.__sfp    0x0000000008001aac       0x74 /opt/src/gcc-arm-none-eabi-4_8-2014q1/bin/../lib/gcc/arm-none-eabi/4.8.3/../../../../arm-none-eabi/lib/armv7e-m/softfp/libc_s.a(lib_a-findfp.o)
                0x0000000008001aac                __sfp
 .text._fwalk_reent
                0x0000000008001b20       0x3c /opt/src/gcc-arm-none-eabi-4_8-2014q1/bin/../lib/gcc/arm-none-eabi/4.8.3/../../../../arm-none-eabi/lib/armv7e-m/softfp/libc_s.a(lib_a-fwalk.o)
                0x0000000008001b20                _fwalk_reent
 .text.__libc_init_array
                0x0000000008001b5c       0x4c /opt/src/gcc-arm-none-eabi-4_8-2014q1/bin/../lib/gcc/arm-none-eabi/4.8.3/../../../../arm-none-eabi/lib/armv7e-m/softfp/libc_s.a(lib_a-init.o)
                0x0000000008001b5c                __libc_init_array
 .text.__smakebuf_r
                0x0000000008001ba8       0x9c /opt/src/gcc-arm-none-eabi-4_8-2014q1/bin/../lib/gcc/arm-none-eabi/4.8.3/../../../../arm-none-eabi/lib/armv7e-m/softfp/libc_s.a(lib_a-makebuf.o)
                0x0000000008001ba8                __smakebuf_r
 .text.malloc   0x0000000008001c44       0x10 /opt/src/gcc-arm-none-eabi-4_8-2014q1/bin/../lib/gcc/arm-none-eabi/4.8.3/../../../../arm-none-eabi/lib/armv7e-m/softfp/libc_s.a(lib_a-malloc.o)
                0x0000000008001c44                malloc
 .text.memchr   0x0000000008001c54       0x1e /opt/src/gcc-arm-none-eabi-4_8-2014q1/bin/../lib/gcc/arm-none-eabi/4.8.3/../../../../arm-none-eabi/lib/armv7e-m/softfp/libc_s.a(lib_a-memchr-stub.o)
                0x0000000008001c54                memchr
 .text.memcpy   0x0000000008001c72       0x12 /opt/src/gcc-arm-none-eabi-4_8-2014q1/bin/../lib/gcc/arm-none-eabi/4.8.3/../../../../arm-none-eabi/lib/armv7e-m/softfp/libc_s.a(lib_a-memcpy-stub.o)
                0x0000000008001c72                memcpy
 .text.memmove  0x0000000008001c84       0x36 /opt/src/gcc-arm-none-eabi-4_8-2014q1/bin/../lib/gcc/arm-none-eabi/4.8.3/../../../../arm-none-eabi/lib/armv7e-m/softfp/libc_s.a(lib_a-memmove.o)
                0x0000000008001c84                memmove
 .text.memset   0x0000000008001cba       0x10 /opt/src/gcc-arm-none-eabi-4_8-2014q1/bin/../lib/gcc/arm-none-eabi/4.8.3/../../../../arm-none-eabi/lib/armv7e-m/softfp/libc_s.a(lib_a-memset.o)
                0x0000000008001cba                memset
 *fill*         0x0000000008001cca        0x2 
 .text._free_r  0x0000000008001ccc       0x88 /opt/src/gcc-arm-none-eabi-4_8-2014q1/bin/../lib/gcc/arm-none-eabi/4.8.3/../../../../arm-none-eabi/lib/armv7e-m/softfp/libc_s.a(lib_a-nano-freer.o)
                0x0000000008001ccc                _free_r
 .text._malloc_r
                0x0000000008001d54       0xa8 /opt/src/gcc-arm-none-eabi-4_8-2014q1/bin/../lib/gcc/arm-none-eabi/4.8.3/../../../../arm-none-eabi/lib/armv7e-m/softfp/libc_s.a(lib_a-nano-mallocr.o)
                0x0000000008001d54                _malloc_r
 .text.printf   0x0000000008001dfc       0x30 /opt/src/gcc-arm-none-eabi-4_8-2014q1/bin/../lib/gcc/arm-none-eabi/4.8.3/../../../../arm-none-eabi/lib/armv7e-m/softfp/libc_s.a(lib_a-printf.o)
                0x0000000008001dfc                printf
                0x0000000008001dfc                iprintf
 .text._sbrk_r  0x0000000008001e2c       0x20 /opt/src/gcc-arm-none-eabi-4_8-2014q1/bin/../lib/gcc/arm-none-eabi/4.8.3/../../../../arm-none-eabi/lib/armv7e-m/softfp/libc_s.a(lib_a-sbrkr.o)
                0x0000000008001e2c                _sbrk_r
 .text.sprintf  0x0000000008001e4c       0x48 /opt/src/gcc-arm-none-eabi-4_8-2014q1/bin/../lib/gcc/arm-none-eabi/4.8.3/../../../../arm-none-eabi/lib/armv7e-m/softfp/libc_s.a(lib_a-sprintf.o)
                0x0000000008001e4c                sprintf
                0x0000000008001e4c                siprintf
 .text.__sread  0x0000000008001e94       0x22 /opt/src/gcc-arm-none-eabi-4_8-2014q1/bin/../lib/gcc/arm-none-eabi/4.8.3/../../../../arm-none-eabi/lib/armv7e-m/softfp/libc_s.a(lib_a-stdio.o)
                0x0000000008001e94                __sread
 .text.__swrite
                0x0000000008001eb6       0x38 /opt/src/gcc-arm-none-eabi-4_8-2014q1/bin/../lib/gcc/arm-none-eabi/4.8.3/../../../../arm-none-eabi/lib/armv7e-m/softfp/libc_s.a(lib_a-stdio.o)
                0x0000000008001eb6                __swrite
 .text.__sseek  0x0000000008001eee       0x24 /opt/src/gcc-arm-none-eabi-4_8-2014q1/bin/../lib/gcc/arm-none-eabi/4.8.3/../../../../arm-none-eabi/lib/armv7e-m/softfp/libc_s.a(lib_a-stdio.o)
                0x0000000008001eee                __sseek
 .text.__sclose
                0x0000000008001f12        0x8 /opt/src/gcc-arm-none-eabi-4_8-2014q1/bin/../lib/gcc/arm-none-eabi/4.8.3/../../../../arm-none-eabi/lib/armv7e-m/softfp/libc_s.a(lib_a-stdio.o)
                0x0000000008001f12                __sclose
 .text.strlen   0x0000000008001f1a       0x10 /opt/src/gcc-arm-none-eabi-4_8-2014q1/bin/../lib/gcc/arm-none-eabi/4.8.3/../../../../arm-none-eabi/lib/armv7e-m/softfp/libc_s.a(lib_a-strlen.o)
                0x0000000008001f1a                strlen
 .text.strncmp  0x0000000008001f2a       0x2e /opt/src/gcc-arm-none-eabi-4_8-2014q1/bin/../lib/gcc/arm-none-eabi/4.8.3/../../../../arm-none-eabi/lib/armv7e-m/softfp/libc_s.a(lib_a-strncmp.o)
                0x0000000008001f2a                strncmp
 .text.__ssputs_r
                0x0000000008001f58       0xb8 /opt/src/gcc-arm-none-eabi-4_8-2014q1/bin/../lib/gcc/arm-none-eabi/4.8.3/../../../../arm-none-eabi/lib/armv7e-m/softfp/libc_s.a(lib_a-svfprintf.o)
                0x0000000008001f58                __ssputs_r
 .text._svfprintf_r
                0x0000000008002010      0x1dc /opt/src/gcc-arm-none-eabi-4_8-2014q1/bin/../lib/gcc/arm-none-eabi/4.8.3/../../../../arm-none-eabi/lib/armv7e-m/softfp/libc_s.a(lib_a-svfprintf.o)
                0x0000000008002010                _svfprintf_r
                0x0000000008002010                _svfiprintf_r
 .text.__sfputc_r
                0x00000000080021ec       0x2c /opt/src/gcc-arm-none-eabi-4_8-2014q1/bin/../lib/gcc/arm-none-eabi/4.8.3/../../../../arm-none-eabi/lib/armv7e-m/softfp/libc_s.a(lib_a-vfprintf.o)
 .text.__sfputs_r
                0x0000000008002218       0x24 /opt/src/gcc-arm-none-eabi-4_8-2014q1/bin/../lib/gcc/arm-none-eabi/4.8.3/../../../../arm-none-eabi/lib/armv7e-m/softfp/libc_s.a(lib_a-vfprintf.o)
                0x0000000008002218                __sfputs_r
 .text._vfprintf_r
                0x000000000800223c      0x208 /opt/src/gcc-arm-none-eabi-4_8-2014q1/bin/../lib/gcc/arm-none-eabi/4.8.3/../../../../arm-none-eabi/lib/armv7e-m/softfp/libc_s.a(lib_a-vfprintf.o)
                0x000000000800223c                _vfiprintf_r
                0x000000000800223c                _vfprintf_r
 .text.vfprintf
                0x0000000008002444       0x1c /opt/src/gcc-arm-none-eabi-4_8-2014q1/bin/../lib/gcc/arm-none-eabi/4.8.3/../../../../arm-none-eabi/lib/armv7e-m/softfp/libc_s.a(lib_a-vfprintf.o)
                0x0000000008002444                vfiprintf
                0x0000000008002444                vfprintf
 .text.__cvt    0x0000000008002460       0xc0 /opt/src/gcc-arm-none-eabi-4_8-2014q1/bin/../lib/gcc/arm-none-eabi/4.8.3/../../../../arm-none-eabi/lib/armv7e-m/softfp/libc_s.a(lib_a-vfprintf_float.o)
                0x0000000008002460                __cvt
 .text.__exponent
                0x0000000008002520       0x66 /opt/src/gcc-arm-none-eabi-4_8-2014q1/bin/../lib/gcc/arm-none-eabi/4.8.3/../../../../arm-none-eabi/lib/armv7e-m/softfp/libc_s.a(lib_a-vfprintf_float.o)
                0x0000000008002520                __exponent
 *fill*         0x0000000008002586        0x2 
 .text._printf_float
                0x0000000008002588      0x41c /opt/src/gcc-arm-none-eabi-4_8-2014q1/bin/../lib/gcc/arm-none-eabi/4.8.3/../../../../arm-none-eabi/lib/armv7e-m/softfp/libc_s.a(lib_a-vfprintf_float.o)
                0x0000000008002588                _printf_float
 .text._printf_common
                0x00000000080029a4       0xe4 /opt/src/gcc-arm-none-eabi-4_8-2014q1/bin/../lib/gcc/arm-none-eabi/4.8.3/../../../../arm-none-eabi/lib/armv7e-m/softfp/libc_s.a(lib_a-vfprintf_i.o)
                0x00000000080029a4                _printf_common
 .text._printf_i
                0x0000000008002a88      0x228 /opt/src/gcc-arm-none-eabi-4_8-2014q1/bin/../lib/gcc/arm-none-eabi/4.8.3/../../../../arm-none-eabi/lib/armv7e-m/softfp/libc_s.a(lib_a-vfprintf_i.o)
                0x0000000008002a88                _printf_i
 .text._scanf_float
                0x0000000008002cb0      0x3d8 /opt/src/gcc-arm-none-eabi-4_8-2014q1/bin/../lib/gcc/arm-none-eabi/4.8.3/../../../../arm-none-eabi/lib/armv7e-m/softfp/libc_s.a(lib_a-vfscanf_float.o)
                0x0000000008002cb0                _scanf_float
 .text.__swbuf_r
                0x0000000008003088       0xa8 /opt/src/gcc-arm-none-eabi-4_8-2014q1/bin/../lib/gcc/arm-none-eabi/4.8.3/../../../../arm-none-eabi/lib/armv7e-m/softfp/libc_s.a(lib_a-wbuf.o)
                0x0000000008003088                __swbuf_r
 .text._write_r
                0x0000000008003130       0x24 /opt/src/gcc-arm-none-eabi-4_8-2014q1/bin/../lib/gcc/arm-none-eabi/4.8.3/../../../../arm-none-eabi/lib/armv7e-m/softfp/libc_s.a(lib_a-writer.o)
                0x0000000008003130                _write_r
 .text.__swsetup_r
                0x0000000008003154       0xdc /opt/src/gcc-arm-none-eabi-4_8-2014q1/bin/../lib/gcc/arm-none-eabi/4.8.3/../../../../arm-none-eabi/lib/armv7e-m/softfp/libc_s.a(lib_a-wsetup.o)
                0x0000000008003154                __swsetup_r
 .text._close_r
                0x0000000008003230       0x20 /opt/src/gcc-arm-none-eabi-4_8-2014q1/bin/../lib/gcc/arm-none-eabi/4.8.3/../../../../arm-none-eabi/lib/armv7e-m/softfp/libc_s.a(lib_a-closer.o)
                0x0000000008003230                _close_r
 .text.quorem   0x0000000008003250      0x11a /opt/src/gcc-arm-none-eabi-4_8-2014q1/bin/../lib/gcc/arm-none-eabi/4.8.3/../../../../arm-none-eabi/lib/armv7e-m/softfp/libc_s.a(lib_a-dtoa.o)
 *fill*         0x000000000800336a        0x6 
 .text._dtoa_r  0x0000000008003370      0xb70 /opt/src/gcc-arm-none-eabi-4_8-2014q1/bin/../lib/gcc/arm-none-eabi/4.8.3/../../../../arm-none-eabi/lib/armv7e-m/softfp/libc_s.a(lib_a-dtoa.o)
                0x0000000008003370                _dtoa_r
 .text._fstat_r
                0x0000000008003ee0       0x24 /opt/src/gcc-arm-none-eabi-4_8-2014q1/bin/../lib/gcc/arm-none-eabi/4.8.3/../../../../arm-none-eabi/lib/armv7e-m/softfp/libc_s.a(lib_a-fstatr.o)
                0x0000000008003ee0                _fstat_r
 .text._isatty_r
                0x0000000008003f04       0x20 /opt/src/gcc-arm-none-eabi-4_8-2014q1/bin/../lib/gcc/arm-none-eabi/4.8.3/../../../../arm-none-eabi/lib/armv7e-m/softfp/libc_s.a(lib_a-isattyr.o)
                0x0000000008003f04                _isatty_r
 .text._localeconv_r
                0x0000000008003f24        0x8 /opt/src/gcc-arm-none-eabi-4_8-2014q1/bin/../lib/gcc/arm-none-eabi/4.8.3/../../../../arm-none-eabi/lib/armv7e-m/softfp/libc_s.a(lib_a-locale.o)
                0x0000000008003f24                _localeconv_r
 .text._lseek_r
                0x0000000008003f2c       0x24 /opt/src/gcc-arm-none-eabi-4_8-2014q1/bin/../lib/gcc/arm-none-eabi/4.8.3/../../../../arm-none-eabi/lib/armv7e-m/softfp/libc_s.a(lib_a-lseekr.o)
                0x0000000008003f2c                _lseek_r
 .text._Balloc  0x0000000008003f50       0x6a /opt/src/gcc-arm-none-eabi-4_8-2014q1/bin/../lib/gcc/arm-none-eabi/4.8.3/../../../../arm-none-eabi/lib/armv7e-m/softfp/libc_s.a(lib_a-mprec.o)
                0x0000000008003f50                _Balloc
 .text._Bfree   0x0000000008003fba       0x2e /opt/src/gcc-arm-none-eabi-4_8-2014q1/bin/../lib/gcc/arm-none-eabi/4.8.3/../../../../arm-none-eabi/lib/armv7e-m/softfp/libc_s.a(lib_a-mprec.o)
                0x0000000008003fba                _Bfree
 .text.__multadd
                0x0000000008003fe8       0x74 /opt/src/gcc-arm-none-eabi-4_8-2014q1/bin/../lib/gcc/arm-none-eabi/4.8.3/../../../../arm-none-eabi/lib/armv7e-m/softfp/libc_s.a(lib_a-mprec.o)
                0x0000000008003fe8                __multadd
 .text.__s2b    0x000000000800405c       0x84 /opt/src/gcc-arm-none-eabi-4_8-2014q1/bin/../lib/gcc/arm-none-eabi/4.8.3/../../../../arm-none-eabi/lib/armv7e-m/softfp/libc_s.a(lib_a-mprec.o)
                0x000000000800405c                __s2b
 .text.__hi0bits
                0x00000000080040e0       0x40 /opt/src/gcc-arm-none-eabi-4_8-2014q1/bin/../lib/gcc/arm-none-eabi/4.8.3/../../../../arm-none-eabi/lib/armv7e-m/softfp/libc_s.a(lib_a-mprec.o)
                0x00000000080040e0                __hi0bits
 .text.__lo0bits
                0x0000000008004120       0x5a /opt/src/gcc-arm-none-eabi-4_8-2014q1/bin/../lib/gcc/arm-none-eabi/4.8.3/../../../../arm-none-eabi/lib/armv7e-m/softfp/libc_s.a(lib_a-mprec.o)
                0x0000000008004120                __lo0bits
 .text.__i2b    0x000000000800417a       0x12 /opt/src/gcc-arm-none-eabi-4_8-2014q1/bin/../lib/gcc/arm-none-eabi/4.8.3/../../../../arm-none-eabi/lib/armv7e-m/softfp/libc_s.a(lib_a-mprec.o)
                0x000000000800417a                __i2b
 .text.__multiply
                0x000000000800418c      0x130 /opt/src/gcc-arm-none-eabi-4_8-2014q1/bin/../lib/gcc/arm-none-eabi/4.8.3/../../../../arm-none-eabi/lib/armv7e-m/softfp/libc_s.a(lib_a-mprec.o)
                0x000000000800418c                __multiply
 .text.__pow5mult
                0x00000000080042bc       0x9c /opt/src/gcc-arm-none-eabi-4_8-2014q1/bin/../lib/gcc/arm-none-eabi/4.8.3/../../../../arm-none-eabi/lib/armv7e-m/softfp/libc_s.a(lib_a-mprec.o)
                0x00000000080042bc                __pow5mult
 .text.__lshift
                0x0000000008004358       0xa6 /opt/src/gcc-arm-none-eabi-4_8-2014q1/bin/../lib/gcc/arm-none-eabi/4.8.3/../../../../arm-none-eabi/lib/armv7e-m/softfp/libc_s.a(lib_a-mprec.o)
                0x0000000008004358                __lshift
 .text.__mcmp   0x00000000080043fe       0x3a /opt/src/gcc-arm-none-eabi-4_8-2014q1/bin/../lib/gcc/arm-none-eabi/4.8.3/../../../../arm-none-eabi/lib/armv7e-m/softfp/libc_s.a(lib_a-mprec.o)
                0x00000000080043fe                __mcmp
 .text.__mdiff  0x0000000008004438       0xbc /opt/src/gcc-arm-none-eabi-4_8-2014q1/bin/../lib/gcc/arm-none-eabi/4.8.3/../../../../arm-none-eabi/lib/armv7e-m/softfp/libc_s.a(lib_a-mprec.o)
                0x0000000008004438                __mdiff
 .text.__ulp    0x00000000080044f4       0x44 /opt/src/gcc-arm-none-eabi-4_8-2014q1/bin/../lib/gcc/arm-none-eabi/4.8.3/../../../../arm-none-eabi/lib/armv7e-m/softfp/libc_s.a(lib_a-mprec.o)
                0x00000000080044f4                __ulp
 .text.__b2d    0x0000000008004538       0xa6 /opt/src/gcc-arm-none-eabi-4_8-2014q1/bin/../lib/gcc/arm-none-eabi/4.8.3/../../../../arm-none-eabi/lib/armv7e-m/softfp/libc_s.a(lib_a-mprec.o)
                0x0000000008004538                __b2d
 .text.__d2b    0x00000000080045de       0xa4 /opt/src/gcc-arm-none-eabi-4_8-2014q1/bin/../lib/gcc/arm-none-eabi/4.8.3/../../../../arm-none-eabi/lib/armv7e-m/softfp/libc_s.a(lib_a-mprec.o)
                0x00000000080045de                __d2b
 .text.__ratio  0x0000000008004682       0x4a /opt/src/gcc-arm-none-eabi-4_8-2014q1/bin/../lib/gcc/arm-none-eabi/4.8.3/../../../../arm-none-eabi/lib/armv7e-m/softfp/libc_s.a(lib_a-mprec.o)
                0x0000000008004682                __ratio
 .text.__copybits
                0x00000000080046cc       0x32 /opt/src/gcc-arm-none-eabi-4_8-2014q1/bin/../lib/gcc/arm-none-eabi/4.8.3/../../../../arm-none-eabi/lib/armv7e-m/softfp/libc_s.a(lib_a-mprec.o)
                0x00000000080046cc                __copybits
 .text.__any_on
                0x00000000080046fe       0x48 /opt/src/gcc-arm-none-eabi-4_8-2014q1/bin/../lib/gcc/arm-none-eabi/4.8.3/../../../../arm-none-eabi/lib/armv7e-m/softfp/libc_s.a(lib_a-mprec.o)
                0x00000000080046fe                __any_on
 .text._calloc_r
                0x0000000008004746       0x1c /opt/src/gcc-arm-none-eabi-4_8-2014q1/bin/../lib/gcc/arm-none-eabi/4.8.3/../../../../arm-none-eabi/lib/armv7e-m/softfp/libc_s.a(lib_a-nano-callocr.o)
                0x0000000008004746                _calloc_r
 .text._realloc_r
                0x0000000008004762       0x4c /opt/src/gcc-arm-none-eabi-4_8-2014q1/bin/../lib/gcc/arm-none-eabi/4.8.3/../../../../arm-none-eabi/lib/armv7e-m/softfp/libc_s.a(lib_a-nano-reallocr.o)
                0x0000000008004762                _realloc_r
 *fill*         0x00000000080047ae        0x2 
 .text._read_r  0x00000000080047b0       0x24 /opt/src/gcc-arm-none-eabi-4_8-2014q1/bin/../lib/gcc/arm-none-eabi/4.8.3/../../../../arm-none-eabi/lib/armv7e-m/softfp/libc_s.a(lib_a-readr.o)
                0x00000000080047b0                _read_r
 .text.__fpclassifyd
                0x00000000080047d4       0x44 /opt/src/gcc-arm-none-eabi-4_8-2014q1/bin/../lib/gcc/arm-none-eabi/4.8.3/../../../../arm-none-eabi/lib/armv7e-m/softfp/libc_s.a(lib_a-s_fpclassify.o)
                0x00000000080047d4                __fpclassifyd
 .text.nanf     0x0000000008004818        0x8 /opt/src/gcc-arm-none-eabi-4_8-2014q1/bin/../lib/gcc/arm-none-eabi/4.8.3/../../../../arm-none-eabi/lib/armv7e-m/softfp/libc_s.a(lib_a-sf_nan.o)
                0x0000000008004818                nanf
 .text.match    0x0000000008004820       0x28 /opt/src/gcc-arm-none-eabi-4_8-2014q1/bin/../lib/gcc/arm-none-eabi/4.8.3/../../../../arm-none-eabi/lib/armv7e-m/softfp/libc_s.a(lib_a-strtod.o)
 .text.sulp     0x0000000008004848       0x3e /opt/src/gcc-arm-none-eabi-4_8-2014q1/bin/../lib/gcc/arm-none-eabi/4.8.3/../../../../arm-none-eabi/lib/armv7e-m/softfp/libc_s.a(lib_a-strtod.o)
 *fill*         0x0000000008004886        0x2 
 .text._strtod_r
                0x0000000008004888      0xc38 /opt/src/gcc-arm-none-eabi-4_8-2014q1/bin/../lib/gcc/arm-none-eabi/4.8.3/../../../../arm-none-eabi/lib/armv7e-m/softfp/libc_s.a(lib_a-strtod.o)
                0x0000000008004888                _strtod_r
 .text._strtol_r
                0x00000000080054c0      0x104 /opt/src/gcc-arm-none-eabi-4_8-2014q1/bin/../lib/gcc/arm-none-eabi/4.8.3/../../../../arm-none-eabi/lib/armv7e-m/softfp/libc_s.a(lib_a-strtol.o)
                0x00000000080054c0                _strtol_r
 .text.rshift   0x00000000080055c4       0x6a /opt/src/gcc-arm-none-eabi-4_8-2014q1/bin/../lib/gcc/arm-none-eabi/4.8.3/../../../../arm-none-eabi/lib/armv7e-m/softfp/libc_s.a(lib_a-gdtoa-gethex.o)
 .text.__hexdig_fun
                0x000000000800562e       0x2a /opt/src/gcc-arm-none-eabi-4_8-2014q1/bin/../lib/gcc/arm-none-eabi/4.8.3/../../../../arm-none-eabi/lib/armv7e-m/softfp/libc_s.a(lib_a-gdtoa-gethex.o)
                0x000000000800562e                __hexdig_fun
 .text.__gethex
                0x0000000008005658      0x45e /opt/src/gcc-arm-none-eabi-4_8-2014q1/bin/../lib/gcc/arm-none-eabi/4.8.3/../../../../arm-none-eabi/lib/armv7e-m/softfp/libc_s.a(lib_a-gdtoa-gethex.o)
                0x0000000008005658                __gethex
 .text.L_shift  0x0000000008005ab6       0x26 /opt/src/gcc-arm-none-eabi-4_8-2014q1/bin/../lib/gcc/arm-none-eabi/4.8.3/../../../../arm-none-eabi/lib/armv7e-m/softfp/libc_s.a(lib_a-gdtoa-hexnan.o)
 .text.__hexnan
                0x0000000008005adc      0x120 /opt/src/gcc-arm-none-eabi-4_8-2014q1/bin/../lib/gcc/arm-none-eabi/4.8.3/../../../../arm-none-eabi/lib/armv7e-m/softfp/libc_s.a(lib_a-gdtoa-hexnan.o)
                0x0000000008005adc                __hexnan
 .text._malloc_usable_size_r
                0x0000000008005bfc       0x12 /opt/src/gcc-arm-none-eabi-4_8-2014q1/bin/../lib/gcc/arm-none-eabi/4.8.3/../../../../arm-none-eabi/lib/armv7e-m/softfp/libc_s.a(lib_a-nano-msizer.o)
                0x0000000008005bfc                _malloc_usable_size_r
 *fill*         0x0000000008005c0e        0x2 
 .text          0x0000000008005c10      0x370 /opt/src/gcc-arm-none-eabi-4_8-2014q1/bin/../lib/gcc/arm-none-eabi/4.8.3/armv7e-m/softfp/libgcc.a(_arm_addsubdf3.o)
                0x0000000008005c10                __aeabi_drsub
                0x0000000008005c18                __subdf3
                0x0000000008005c18                __aeabi_dsub
                0x0000000008005c1c                __aeabi_dadd
                0x0000000008005c1c                __adddf3
                0x0000000008005e94                __aeabi_ui2d
                0x0000000008005e94                __floatunsidf
                0x0000000008005eb4                __floatsidf
                0x0000000008005eb4                __aeabi_i2d
                0x0000000008005ed8                __extendsfdf2
                0x0000000008005ed8                __aeabi_f2d
                0x0000000008005f14                __aeabi_ul2d
                0x0000000008005f14                __floatundidf
                0x0000000008005f24                __aeabi_l2d
                0x0000000008005f24                __floatdidf
 .text          0x0000000008005f80      0x424 /opt/src/gcc-arm-none-eabi-4_8-2014q1/bin/../lib/gcc/arm-none-eabi/4.8.3/armv7e-m/softfp/libgcc.a(_arm_muldivdf3.o)
                0x0000000008005f80                __aeabi_dmul
                0x0000000008005f80                __muldf3
                0x00000000080061d4                __aeabi_ddiv
                0x00000000080061d4                __divdf3
 .text          0x00000000080063a4      0x110 /opt/src/gcc-arm-none-eabi-4_8-2014q1/bin/../lib/gcc/arm-none-eabi/4.8.3/armv7e-m/softfp/libgcc.a(_arm_cmpdf2.o)
                0x00000000080063a4                __gtdf2
                0x00000000080063a4                __gedf2
                0x00000000080063ac                __ltdf2
                0x00000000080063ac                __ledf2
                0x00000000080063b4                __eqdf2
                0x00000000080063b4                __nedf2
                0x00000000080063b4                __cmpdf2
                0x0000000008006430                __aeabi_cdrcmple
                0x0000000008006440                __aeabi_cdcmple
                0x0000000008006440                __aeabi_cdcmpeq
                0x0000000008006450                __aeabi_dcmpeq
                0x0000000008006464                __aeabi_dcmplt
                0x0000000008006478                __aeabi_dcmple
                0x000000000800648c                __aeabi_dcmpge
                0x00000000080064a0                __aeabi_dcmpgt
 .text          0x00000000080064b4       0x50 /opt/src/gcc-arm-none-eabi-4_8-2014q1/bin/../lib/gcc/arm-none-eabi/4.8.3/armv7e-m/softfp/libgcc.a(_arm_fixdfsi.o)
                0x00000000080064b4                __fixdfsi
                0x00000000080064b4                __aeabi_d2iz
 .text          0x0000000008006504       0x40 /opt/src/gcc-arm-none-eabi-4_8-2014q1/bin/../lib/gcc/arm-none-eabi/4.8.3/armv7e-m/softfp/libgcc.a(_arm_fixunsdfsi.o)
                0x0000000008006504                __fixunsdfsi
                0x0000000008006504                __aeabi_d2uiz
 .text          0x0000000008006544       0xa0 /opt/src/gcc-arm-none-eabi-4_8-2014q1/bin/../lib/gcc/arm-none-eabi/4.8.3/armv7e-m/softfp/libgcc.a(_arm_truncdfsf2.o)
                0x0000000008006544                __aeabi_d2f
                0x0000000008006544                __truncdfsf2
 *(.init)
 .init          0x00000000080065e4        0x4 /opt/src/gcc-arm-none-eabi-4_8-2014q1/bin/../lib/gcc/arm-none-eabi/4.8.3/armv7e-m/softfp/crti.o
                0x00000000080065e4                _init
 .init          0x00000000080065e8        0x8 /opt/src/gcc-arm-none-eabi-4_8-2014q1/bin/../lib/gcc/arm-none-eabi/4.8.3/armv7e-m/softfp/crtn.o
 *(.fini)
 .fini          0x00000000080065f0        0x4 /opt/src/gcc-arm-none-eabi-4_8-2014q1/bin/../lib/gcc/arm-none-eabi/4.8.3/armv7e-m/softfp/crti.o
                0x00000000080065f0                _fini
 .fini          0x00000000080065f4        0x8 /opt/src/gcc-arm-none-eabi-4_8-2014q1/bin/../lib/gcc/arm-none-eabi/4.8.3/armv7e-m/softfp/crtn.o
 *crtbegin.o(.ctors)
 *crtbegin?.o(.ctors)
 *(EXCLUDE_FILE(*crtend.o *crtend?.o) .ctors)
 *(SORT(.ctors.*))
 *(.ctors)
 *crtbegin.o(.dtors)
 *crtbegin?.o(.dtors)
 *(EXCLUDE_FILE(*crtend.o *crtend?.o) .dtors)
 *(SORT(.dtors.*))
 *(.dtors)
 *(.rodata*)
 .rodata.str1.1
                0x00000000080065fc       0x42 mbed/common/pinmap_common.o
 .rodata.APBAHBPrescTable
                0x000000000800663e       0x10 mbed/targets/cmsis/TARGET_STM/TARGET_STM32F4/stm32f4xx_hal_rcc.o
                0x000000000800663e                APBAHBPrescTable
 .rodata.AHBPrescTable
                0x000000000800664e       0x10 mbed/targets/cmsis/TARGET_STM/TARGET_STM32F4/TARGET_STM32F407VG/system_stm32f4xx.o
                0x000000000800664e                AHBPrescTable
 *fill*         0x000000000800665e        0x2 
 .rodata.PinMap_UART_RX
                0x0000000008006660       0x48 mbed/targets/hal/TARGET_STM/TARGET_STM32F407VG/PeripheralPins.o
                0x0000000008006660                PinMap_UART_RX
 .rodata.PinMap_UART_TX
                0x00000000080066a8       0x48 mbed/targets/hal/TARGET_STM/TARGET_STM32F407VG/PeripheralPins.o
                0x00000000080066a8                PinMap_UART_TX
 .rodata.str1.1
                0x00000000080066f0       0x21 mbed/targets/hal/TARGET_STM/TARGET_STM32F407VG/pinmap.o
 *fill*         0x0000000008006711        0x3 
 .rodata.gpio_mode
                0x0000000008006714       0x34 mbed/targets/hal/TARGET_STM/TARGET_STM32F407VG/pinmap.o
 .rodata.str1.1
                0x0000000008006748       0x5e env/test_env.o
                                         0x66 (size before relaxing)
 *fill*         0x00000000080067a6        0x2 
 .rodata.__sf_fake_stdin
                0x00000000080067a8       0x20 /opt/src/gcc-arm-none-eabi-4_8-2014q1/bin/../lib/gcc/arm-none-eabi/4.8.3/../../../../arm-none-eabi/lib/armv7e-m/softfp/libc_s.a(lib_a-findfp.o)
                0x00000000080067a8                __sf_fake_stdin
 .rodata.__sf_fake_stdout
                0x00000000080067c8       0x20 /opt/src/gcc-arm-none-eabi-4_8-2014q1/bin/../lib/gcc/arm-none-eabi/4.8.3/../../../../arm-none-eabi/lib/armv7e-m/softfp/libc_s.a(lib_a-findfp.o)
                0x00000000080067c8                __sf_fake_stdout
 .rodata.__sf_fake_stderr
                0x00000000080067e8       0x20 /opt/src/gcc-arm-none-eabi-4_8-2014q1/bin/../lib/gcc/arm-none-eabi/4.8.3/../../../../arm-none-eabi/lib/armv7e-m/softfp/libc_s.a(lib_a-findfp.o)
                0x00000000080067e8                __sf_fake_stderr
 .rodata.str1.1
                0x0000000008006808        0x2 /opt/src/gcc-arm-none-eabi-4_8-2014q1/bin/../lib/gcc/arm-none-eabi/4.8.3/../../../../arm-none-eabi/lib/armv7e-m/softfp/libc_s.a(lib_a-impure.o)
 *fill*         0x000000000800680a        0x2 
 .rodata._global_impure_ptr
                0x000000000800680c        0x4 /opt/src/gcc-arm-none-eabi-4_8-2014q1/bin/../lib/gcc/arm-none-eabi/4.8.3/../../../../arm-none-eabi/lib/armv7e-m/softfp/libc_s.a(lib_a-impure.o)
                0x000000000800680c                _global_impure_ptr
 .rodata.str1.1
                0x0000000008006810       0x11 /opt/src/gcc-arm-none-eabi-4_8-2014q1/bin/../lib/gcc/arm-none-eabi/4.8.3/../../../../arm-none-eabi/lib/armv7e-m/softfp/libc_s.a(lib_a-svfprintf.o)
 .rodata.str1.1
                0x0000000000000000       0x11 /opt/src/gcc-arm-none-eabi-4_8-2014q1/bin/../lib/gcc/arm-none-eabi/4.8.3/../../../../arm-none-eabi/lib/armv7e-m/softfp/libc_s.a(lib_a-vfprintf.o)
 .rodata.str1.1
                0x0000000008006821       0x12 /opt/src/gcc-arm-none-eabi-4_8-2014q1/bin/../lib/gcc/arm-none-eabi/4.8.3/../../../../arm-none-eabi/lib/armv7e-m/softfp/libc_s.a(lib_a-vfprintf_float.o)
 .rodata.str1.1
                0x0000000008006833       0x22 /opt/src/gcc-arm-none-eabi-4_8-2014q1/bin/../lib/gcc/arm-none-eabi/4.8.3/../../../../arm-none-eabi/lib/armv7e-m/softfp/libc_s.a(lib_a-vfprintf_i.o)
 .rodata.str1.1
                0x0000000008006855        0x5 /opt/src/gcc-arm-none-eabi-4_8-2014q1/bin/../lib/gcc/arm-none-eabi/4.8.3/../../../../arm-none-eabi/lib/armv7e-m/softfp/libc_s.a(lib_a-vfscanf_float.o)
 .rodata._ctype_
                0x000000000800685a      0x101 /opt/src/gcc-arm-none-eabi-4_8-2014q1/bin/../lib/gcc/arm-none-eabi/4.8.3/../../../../arm-none-eabi/lib/armv7e-m/softfp/libc_s.a(lib_a-ctype_.o)
                0x000000000800685a                _ctype_
 .rodata.str1.1
                0x000000000800695b        0xd /opt/src/gcc-arm-none-eabi-4_8-2014q1/bin/../lib/gcc/arm-none-eabi/4.8.3/../../../../arm-none-eabi/lib/armv7e-m/softfp/libc_s.a(lib_a-dtoa.o)
                                          0xf (size before relaxing)
 .rodata.str1.1
                0x0000000008006968        0x6 /opt/src/gcc-arm-none-eabi-4_8-2014q1/bin/../lib/gcc/arm-none-eabi/4.8.3/../../../../arm-none-eabi/lib/armv7e-m/softfp/libc_s.a(lib_a-locale.o)
                                          0xb (size before relaxing)
 *fill*         0x000000000800696e        0x2 
 .rodata.__mprec_tens
                0x0000000008006970       0xc8 /opt/src/gcc-arm-none-eabi-4_8-2014q1/bin/../lib/gcc/arm-none-eabi/4.8.3/../../../../arm-none-eabi/lib/armv7e-m/softfp/libc_s.a(lib_a-mprec.o)
                0x0000000008006970                __mprec_tens
 .rodata.__mprec_bigtens
                0x0000000008006a38       0x28 /opt/src/gcc-arm-none-eabi-4_8-2014q1/bin/../lib/gcc/arm-none-eabi/4.8.3/../../../../arm-none-eabi/lib/armv7e-m/softfp/libc_s.a(lib_a-mprec.o)
                0x0000000008006a38                __mprec_bigtens
 .rodata.p05.5278
                0x0000000008006a60        0xc /opt/src/gcc-arm-none-eabi-4_8-2014q1/bin/../lib/gcc/arm-none-eabi/4.8.3/../../../../arm-none-eabi/lib/armv7e-m/softfp/libc_s.a(lib_a-mprec.o)
 .rodata.fpi.5243
                0x0000000008006a6c       0x14 /opt/src/gcc-arm-none-eabi-4_8-2014q1/bin/../lib/gcc/arm-none-eabi/4.8.3/../../../../arm-none-eabi/lib/armv7e-m/softfp/libc_s.a(lib_a-strtod.o)
 .rodata.str1.1
                0x0000000000000000        0x6 /opt/src/gcc-arm-none-eabi-4_8-2014q1/bin/../lib/gcc/arm-none-eabi/4.8.3/../../../../arm-none-eabi/lib/armv7e-m/softfp/libc_s.a(lib_a-strtod.o)
                                          0xc (size before relaxing)
 .rodata.tinytens
                0x0000000008006a80       0x28 /opt/src/gcc-arm-none-eabi-4_8-2014q1/bin/../lib/gcc/arm-none-eabi/4.8.3/../../../../arm-none-eabi/lib/armv7e-m/softfp/libc_s.a(lib_a-strtod.o)
 .rodata.fpinan.5279
                0x0000000008006aa8       0x14 /opt/src/gcc-arm-none-eabi-4_8-2014q1/bin/../lib/gcc/arm-none-eabi/4.8.3/../../../../arm-none-eabi/lib/armv7e-m/softfp/libc_s.a(lib_a-strtod.o)
 *(.eh_frame*)
 .eh_frame      0x0000000008006abc        0x0 /opt/src/gcc-arm-none-eabi-4_8-2014q1/bin/../lib/gcc/arm-none-eabi/4.8.3/armv7e-m/softfp/crtbegin.o
 .eh_frame      0x0000000008006abc        0x4 /opt/src/gcc-arm-none-eabi-4_8-2014q1/bin/../lib/gcc/arm-none-eabi/4.8.3/armv7e-m/softfp/crtend.o

.glue_7         0x0000000008006ac0        0x0
 .glue_7        0x0000000000000000        0x0 linker stubs

.glue_7t        0x0000000008006ac0        0x0
 .glue_7t       0x0000000000000000        0x0 linker stubs

.vfp11_veneer   0x0000000008006ac0        0x0
 .vfp11_veneer  0x0000000000000000        0x0 linker stubs

.v4_bx          0x0000000008006ac0        0x0
 .v4_bx         0x0000000000000000        0x0 linker stubs

.iplt           0x0000000008006ac0        0x0
 .iplt          0x0000000000000000        0x0 /opt/src/gcc-arm-none-eabi-4_8-2014q1/bin/../lib/gcc/arm-none-eabi/4.8.3/armv7e-m/softfp/crtbegin.o

.rel.dyn        0x0000000008006ac0        0x0
 .rel.iplt      0x0000000000000000        0x0 /opt/src/gcc-arm-none-eabi-4_8-2014q1/bin/../lib/gcc/arm-none-eabi/4.8.3/armv7e-m/softfp/crtbegin.o

.ARM.extab
 *(.ARM.extab* .gnu.linkonce.armextab.*)
                0x0000000008006ac0                __exidx_start = .

.ARM.exidx
 *(.ARM.exidx* .gnu.linkonce.armexidx.*)
                0x0000000008006ac0                __exidx_end = .
                0x0000000008006ac0                __etext = .
                0x0000000008006ac0                _sidata = .

.data           0x0000000020000188       0xc0 load address 0x0000000008006ac0
                0x0000000020000188                __data_start__ = .
                0x0000000020000188                _sdata = .
 *(vtable)
 *(.data*)
 .data.SystemCoreClock
                0x0000000020000188        0x4 mbed/targets/cmsis/TARGET_STM/TARGET_STM32F4/TARGET_STM32F407VG/system_stm32f4xx.o
                0x0000000020000188                SystemCoreClock
 .data.TEST_ENV_SUCCESS
                0x000000002000018c        0x4 env/test_env.o
                0x000000002000018c                TEST_ENV_SUCCESS
 .data.TEST_ENV_FAILURE
                0x0000000020000190        0x4 env/test_env.o
                0x0000000020000190                TEST_ENV_FAILURE
 .data.TEST_ENV_END
                0x0000000020000194        0x4 env/test_env.o
                0x0000000020000194                TEST_ENV_END
 .data._ZZ5_sbrkE4heap
                0x0000000020000198        0x4 mbed/common/retarget.o
 .data.impure_data
                0x000000002000019c       0x60 /opt/src/gcc-arm-none-eabi-4_8-2014q1/bin/../lib/gcc/arm-none-eabi/4.8.3/../../../../arm-none-eabi/lib/armv7e-m/softfp/libc_s.a(lib_a-impure.o)
 .data._impure_ptr
                0x00000000200001fc        0x4 /opt/src/gcc-arm-none-eabi-4_8-2014q1/bin/../lib/gcc/arm-none-eabi/4.8.3/../../../../arm-none-eabi/lib/armv7e-m/softfp/libc_s.a(lib_a-impure.o)
                0x00000000200001fc                _impure_ptr
 .data.__ctype_ptr__
                0x0000000020000200        0x4 /opt/src/gcc-arm-none-eabi-4_8-2014q1/bin/../lib/gcc/arm-none-eabi/4.8.3/../../../../arm-none-eabi/lib/armv7e-m/softfp/libc_s.a(lib_a-ctype_.o)
                0x0000000020000200                __ctype_ptr__
 .data.lconv    0x0000000020000204       0x38 /opt/src/gcc-arm-none-eabi-4_8-2014q1/bin/../lib/gcc/arm-none-eabi/4.8.3/../../../../arm-none-eabi/lib/armv7e-m/softfp/libc_s.a(lib_a-locale.o)
                0x000000002000023c                . = ALIGN (0x4)
                0x000000002000023c                PROVIDE (__preinit_array_start, .)
 *(.preinit_array)
                0x000000002000023c                PROVIDE (__preinit_array_end, .)
                0x000000002000023c                . = ALIGN (0x4)
                0x000000002000023c                PROVIDE (__init_array_start, .)
 *(SORT(.init_array.*))
 *(.init_array)
 .init_array    0x000000002000023c        0x4 /opt/src/gcc-arm-none-eabi-4_8-2014q1/bin/../lib/gcc/arm-none-eabi/4.8.3/armv7e-m/softfp/crtbegin.o
                0x0000000020000240                PROVIDE (__init_array_end, .)
                0x0000000020000240                . = ALIGN (0x4)
                0x0000000020000240                PROVIDE (__fini_array_start, .)
 *(SORT(.fini_array.*))
 *(.fini_array)
 .fini_array    0x0000000020000240        0x4 /opt/src/gcc-arm-none-eabi-4_8-2014q1/bin/../lib/gcc/arm-none-eabi/4.8.3/armv7e-m/softfp/crtbegin.o
                0x0000000020000244                PROVIDE (__fini_array_end, .)
 *(.jcr*)
 .jcr           0x0000000020000244        0x0 /opt/src/gcc-arm-none-eabi-4_8-2014q1/bin/../lib/gcc/arm-none-eabi/4.8.3/armv7e-m/softfp/crtbegin.o
 .jcr           0x0000000020000244        0x4 /opt/src/gcc-arm-none-eabi-4_8-2014q1/bin/../lib/gcc/arm-none-eabi/4.8.3/armv7e-m/softfp/crtend.o
                0x0000000020000248                . = ALIGN (0x4)
                0x0000000020000248                __data_end__ = .
                0x0000000020000248                _edata = .

.igot.plt       0x0000000020000248        0x0 load address 0x0000000008006b80
 .igot.plt      0x0000000000000000        0x0 /opt/src/gcc-arm-none-eabi-4_8-2014q1/bin/../lib/gcc/arm-none-eabi/4.8.3/armv7e-m/softfp/crtbegin.o

.bss            0x0000000020000248      0x210 load address 0x0000000008006b80
                0x0000000020000248                . = ALIGN (0x4)
                0x0000000020000248                __bss_start__ = .
                0x0000000020000248                _sbss = .
 *(.bss*)
 .bss           0x0000000020000248       0x1c /opt/src/gcc-arm-none-eabi-4_8-2014q1/bin/../lib/gcc/arm-none-eabi/4.8.3/armv7e-m/softfp/crtbegin.o
 .bss.head      0x0000000020000264        0x4 mbed/common/us_ticker_api.o
 .bss.event_handler
                0x0000000020000268        0x4 mbed/common/us_ticker_api.o
 .bss.uwTick    0x000000002000026c        0x4 mbed/targets/cmsis/TARGET_STM/TARGET_STM32F4/stm32f4xx_hal.o
 .bss.PreviousVal
                0x0000000020000270        0x4 mbed/targets/cmsis/TARGET_STM/TARGET_STM32F4/TARGET_STM32F407VG/hal_tick.o
                0x0000000020000270                PreviousVal
 .bss.TimMasterHandle
                0x0000000020000274       0x3c mbed/targets/cmsis/TARGET_STM/TARGET_STM32F4/TARGET_STM32F407VG/hal_tick.o
                0x0000000020000274                TimMasterHandle
 .bss.stdio_uart_inited
                0x00000000200002b0        0x4 mbed/targets/hal/TARGET_STM/TARGET_STM32F407VG/serial_api.o
                0x00000000200002b0                stdio_uart_inited
 .bss.UartHandle
                0x00000000200002b4       0x3c mbed/targets/hal/TARGET_STM/TARGET_STM32F407VG/serial_api.o
                0x00000000200002b4                UartHandle
 .bss.stdio_uart
                0x00000000200002f0       0x1c mbed/targets/hal/TARGET_STM/TARGET_STM32F407VG/serial_api.o
                0x00000000200002f0                stdio_uart
 .bss.TimMasterHandle
                0x000000002000030c       0x3c mbed/targets/hal/TARGET_STM/TARGET_STM32F407VG/us_ticker.o
 .bss.us_ticker_inited
                0x0000000020000348        0x4 mbed/targets/hal/TARGET_STM/TARGET_STM32F407VG/us_ticker.o
 .bss._ZL11filehandles
                0x000000002000034c      0x100 mbed/common/retarget.o
 .bss.__malloc_sbrk_start
                0x000000002000044c        0x4 /opt/src/gcc-arm-none-eabi-4_8-2014q1/bin/../lib/gcc/arm-none-eabi/4.8.3/../../../../arm-none-eabi/lib/armv7e-m/softfp/libc_s.a(lib_a-nano-mallocr.o)
                0x000000002000044c                __malloc_sbrk_start
 .bss.__malloc_free_list
                0x0000000020000450        0x4 /opt/src/gcc-arm-none-eabi-4_8-2014q1/bin/../lib/gcc/arm-none-eabi/4.8.3/../../../../arm-none-eabi/lib/armv7e-m/softfp/libc_s.a(lib_a-nano-mallocr.o)
                0x0000000020000450                __malloc_free_list
 *(COMMON)
 COMMON         0x0000000020000454        0x4 /opt/src/gcc-arm-none-eabi-4_8-2014q1/bin/../lib/gcc/arm-none-eabi/4.8.3/../../../../arm-none-eabi/lib/armv7e-m/softfp/libc_s.a(lib_a-reent.o)
                0x0000000020000454                errno
                0x0000000020000458                . = ALIGN (0x4)
                0x0000000020000458                __bss_end__ = .
                0x0000000020000458                _ebss = .

.heap           0x0000000020000458        0x0
                0x0000000020000458                __end__ = .
                0x0000000020000458                end = __end__
 *(.heap*)
                0x0000000020000458                __HeapLimit = .

.stack_dummy    0x0000000020000458        0x0
 *(.stack*)
                0x0000000020020000                __StackTop = (ORIGIN (RAM) + 0x1fe78)
                0x0000000020020000                _estack = __StackTop
                0x0000000020020000                __StackLimit = (__StackTop - SIZEOF (.stack_dummy))
                0x0000000020020000                PROVIDE (__stack, __StackTop)
                0x0000000000000001                ASSERT ((__StackLimit >= __HeapLimit), region RAM overflowed with stack)
OUTPUT(MBED_A1.elf elf32-littlearm)

.ARM.attributes
                0x0000000000000000       0x2e
 .ARM.attributes
                0x0000000000000000       0x22 /opt/src/gcc-arm-none-eabi-4_8-2014q1/bin/../lib/gcc/arm-none-eabi/4.8.3/armv7e-m/softfp/crti.o
 .ARM.attributes
                0x0000000000000022       0x32 /opt/src/gcc-arm-none-eabi-4_8-2014q1/bin/../lib/gcc/arm-none-eabi/4.8.3/armv7e-m/softfp/crtbegin.o
 .ARM.attributes
                0x0000000000000054       0x21 mbed/targets/cmsis/TARGET_STM/TARGET_STM32F4/TARGET_STM32F407VG/TOOLCHAIN_GCC_ARM/startup_stm32f407xx.o
 .ARM.attributes
                0x0000000000000075       0x37 mbed/common/board.o
 .ARM.attributes
                0x00000000000000ac       0x37 mbed/common/error.o
 .ARM.attributes
                0x00000000000000e3       0x37 mbed/common/exit.o
 .ARM.attributes
                0x000000000000011a       0x37 mbed/common/gpio.o
 .ARM.attributes
                0x0000000000000151       0x37 mbed/common/pinmap_common.o
 .ARM.attributes
                0x0000000000000188       0x37 mbed/common/us_ticker_api.o
 .ARM.attributes
                0x00000000000001bf       0x37 mbed/common/wait_api.o
 .ARM.attributes
                0x00000000000001f6       0x37 mbed/targets/cmsis/TARGET_STM/TARGET_STM32F4/stm32f4xx_hal.o
 .ARM.attributes
                0x000000000000022d       0x37 mbed/targets/cmsis/TARGET_STM/TARGET_STM32F4/stm32f4xx_hal_cortex.o
 .ARM.attributes
                0x0000000000000264       0x37 mbed/targets/cmsis/TARGET_STM/TARGET_STM32F4/stm32f4xx_hal_gpio.o
 .ARM.attributes
                0x000000000000029b       0x37 mbed/targets/cmsis/TARGET_STM/TARGET_STM32F4/stm32f4xx_hal_rcc.o
 .ARM.attributes
                0x00000000000002d2       0x37 mbed/targets/cmsis/TARGET_STM/TARGET_STM32F4/stm32f4xx_hal_tim.o
 .ARM.attributes
                0x0000000000000309       0x37 mbed/targets/cmsis/TARGET_STM/TARGET_STM32F4/stm32f4xx_hal_uart.o
 .ARM.attributes
                0x0000000000000340       0x37 mbed/targets/cmsis/TARGET_STM/TARGET_STM32F4/TARGET_STM32F407VG/cmsis_nvic.o
 .ARM.attributes
                0x0000000000000377       0x37 mbed/targets/cmsis/TARGET_STM/TARGET_STM32F4/TARGET_STM32F407VG/hal_tick.o
 .ARM.attributes
                0x00000000000003ae       0x37 mbed/targets/cmsis/TARGET_STM/TARGET_STM32F4/TARGET_STM32F407VG/system_stm32f4xx.o
 .ARM.attributes
                0x00000000000003e5       0x37 mbed/targets/hal/TARGET_STM/TARGET_STM32F407VG/gpio_api.o
 .ARM.attributes
                0x000000000000041c       0x37 mbed/targets/hal/TARGET_STM/TARGET_STM32F407VG/mbed_overrides.o
 .ARM.attributes
                0x0000000000000453       0x37 mbed/targets/hal/TARGET_STM/TARGET_STM32F407VG/PeripheralPins.o
 .ARM.attributes
                0x000000000000048a       0x37 mbed/targets/hal/TARGET_STM/TARGET_STM32F407VG/pinmap.o
 .ARM.attributes
                0x00000000000004c1       0x37 mbed/targets/hal/TARGET_STM/TARGET_STM32F407VG/serial_api.o
 .ARM.attributes
                0x00000000000004f8       0x37 mbed/targets/hal/TARGET_STM/TARGET_STM32F407VG/us_ticker.o
 .ARM.attributes
                0x000000000000052f       0x37 main.o
 .ARM.attributes
                0x0000000000000566       0x37 env/test_env.o
 .ARM.attributes
                0x000000000000059d       0x37 mbed/common/retarget.o
 .ARM.attributes
                0x00000000000005d4       0x32 /opt/src/gcc-arm-none-eabi-4_8-2014q1/bin/../lib/gcc/arm-none-eabi/4.8.3/../../../../arm-none-eabi/lib/armv7e-m/softfp/libc_s.a(lib_a-errno.o)
 .ARM.attributes
                0x0000000000000606       0x32 /opt/src/gcc-arm-none-eabi-4_8-2014q1/bin/../lib/gcc/arm-none-eabi/4.8.3/../../../../arm-none-eabi/lib/armv7e-m/softfp/libc_s.a(lib_a-exit.o)
 .ARM.attributes
                0x0000000000000638       0x32 /opt/src/gcc-arm-none-eabi-4_8-2014q1/bin/../lib/gcc/arm-none-eabi/4.8.3/../../../../arm-none-eabi/lib/armv7e-m/softfp/libc_s.a(lib_a-fflush.o)
 .ARM.attributes
                0x000000000000066a       0x32 /opt/src/gcc-arm-none-eabi-4_8-2014q1/bin/../lib/gcc/arm-none-eabi/4.8.3/../../../../arm-none-eabi/lib/armv7e-m/softfp/libc_s.a(lib_a-findfp.o)
 .ARM.attributes
                0x000000000000069c       0x32 /opt/src/gcc-arm-none-eabi-4_8-2014q1/bin/../lib/gcc/arm-none-eabi/4.8.3/../../../../arm-none-eabi/lib/armv7e-m/softfp/libc_s.a(lib_a-fwalk.o)
 .ARM.attributes
                0x00000000000006ce       0x32 /opt/src/gcc-arm-none-eabi-4_8-2014q1/bin/../lib/gcc/arm-none-eabi/4.8.3/../../../../arm-none-eabi/lib/armv7e-m/softfp/libc_s.a(lib_a-impure.o)
 .ARM.attributes
                0x0000000000000700       0x32 /opt/src/gcc-arm-none-eabi-4_8-2014q1/bin/../lib/gcc/arm-none-eabi/4.8.3/../../../../arm-none-eabi/lib/armv7e-m/softfp/libc_s.a(lib_a-init.o)
 .ARM.attributes
                0x0000000000000732       0x32 /opt/src/gcc-arm-none-eabi-4_8-2014q1/bin/../lib/gcc/arm-none-eabi/4.8.3/../../../../arm-none-eabi/lib/armv7e-m/softfp/libc_s.a(lib_a-makebuf.o)
 .ARM.attributes
                0x0000000000000764       0x32 /opt/src/gcc-arm-none-eabi-4_8-2014q1/bin/../lib/gcc/arm-none-eabi/4.8.3/../../../../arm-none-eabi/lib/armv7e-m/softfp/libc_s.a(lib_a-malloc.o)
 .ARM.attributes
                0x0000000000000796       0x32 /opt/src/gcc-arm-none-eabi-4_8-2014q1/bin/../lib/gcc/arm-none-eabi/4.8.3/../../../../arm-none-eabi/lib/armv7e-m/softfp/libc_s.a(lib_a-memchr-stub.o)
 .ARM.attributes
                0x00000000000007c8       0x32 /opt/src/gcc-arm-none-eabi-4_8-2014q1/bin/../lib/gcc/arm-none-eabi/4.8.3/../../../../arm-none-eabi/lib/armv7e-m/softfp/libc_s.a(lib_a-memcpy-stub.o)
 .ARM.attributes
                0x00000000000007fa       0x32 /opt/src/gcc-arm-none-eabi-4_8-2014q1/bin/../lib/gcc/arm-none-eabi/4.8.3/../../../../arm-none-eabi/lib/armv7e-m/softfp/libc_s.a(lib_a-memmove.o)
 .ARM.attributes
                0x000000000000082c       0x32 /opt/src/gcc-arm-none-eabi-4_8-2014q1/bin/../lib/gcc/arm-none-eabi/4.8.3/../../../../arm-none-eabi/lib/armv7e-m/softfp/libc_s.a(lib_a-memset.o)
 .ARM.attributes
                0x000000000000085e       0x32 /opt/src/gcc-arm-none-eabi-4_8-2014q1/bin/../lib/gcc/arm-none-eabi/4.8.3/../../../../arm-none-eabi/lib/armv7e-m/softfp/libc_s.a(lib_a-nano-freer.o)
 .ARM.attributes
                0x0000000000000890       0x32 /opt/src/gcc-arm-none-eabi-4_8-2014q1/bin/../lib/gcc/arm-none-eabi/4.8.3/../../../../arm-none-eabi/lib/armv7e-m/softfp/libc_s.a(lib_a-nano-mallocr.o)
 .ARM.attributes
                0x00000000000008c2       0x32 /opt/src/gcc-arm-none-eabi-4_8-2014q1/bin/../lib/gcc/arm-none-eabi/4.8.3/../../../../arm-none-eabi/lib/armv7e-m/softfp/libc_s.a(lib_a-printf.o)
 .ARM.attributes
                0x00000000000008f4       0x32 /opt/src/gcc-arm-none-eabi-4_8-2014q1/bin/../lib/gcc/arm-none-eabi/4.8.3/../../../../arm-none-eabi/lib/armv7e-m/softfp/libc_s.a(lib_a-reent.o)
 .ARM.attributes
                0x0000000000000926       0x32 /opt/src/gcc-arm-none-eabi-4_8-2014q1/bin/../lib/gcc/arm-none-eabi/4.8.3/../../../../arm-none-eabi/lib/armv7e-m/softfp/libc_s.a(lib_a-sbrkr.o)
 .ARM.attributes
                0x0000000000000958       0x32 /opt/src/gcc-arm-none-eabi-4_8-2014q1/bin/../lib/gcc/arm-none-eabi/4.8.3/../../../../arm-none-eabi/lib/armv7e-m/softfp/libc_s.a(lib_a-sprintf.o)
 .ARM.attributes
                0x000000000000098a       0x32 /opt/src/gcc-arm-none-eabi-4_8-2014q1/bin/../lib/gcc/arm-none-eabi/4.8.3/../../../../arm-none-eabi/lib/armv7e-m/softfp/libc_s.a(lib_a-stdio.o)
 .ARM.attributes
                0x00000000000009bc       0x32 /opt/src/gcc-arm-none-eabi-4_8-2014q1/bin/../lib/gcc/arm-none-eabi/4.8.3/../../../../arm-none-eabi/lib/armv7e-m/softfp/libc_s.a(lib_a-strlen.o)
 .ARM.attributes
                0x00000000000009ee       0x32 /opt/src/gcc-arm-none-eabi-4_8-2014q1/bin/../lib/gcc/arm-none-eabi/4.8.3/../../../../arm-none-eabi/lib/armv7e-m/softfp/libc_s.a(lib_a-strncmp.o)
 .ARM.attributes
                0x0000000000000a20       0x32 /opt/src/gcc-arm-none-eabi-4_8-2014q1/bin/../lib/gcc/arm-none-eabi/4.8.3/../../../../arm-none-eabi/lib/armv7e-m/softfp/libc_s.a(lib_a-svfprintf.o)
 .ARM.attributes
                0x0000000000000a52       0x32 /opt/src/gcc-arm-none-eabi-4_8-2014q1/bin/../lib/gcc/arm-none-eabi/4.8.3/../../../../arm-none-eabi/lib/armv7e-m/softfp/libc_s.a(lib_a-vfprintf.o)
 .ARM.attributes
                0x0000000000000a84       0x32 /opt/src/gcc-arm-none-eabi-4_8-2014q1/bin/../lib/gcc/arm-none-eabi/4.8.3/../../../../arm-none-eabi/lib/armv7e-m/softfp/libc_s.a(lib_a-vfprintf_float.o)
 .ARM.attributes
                0x0000000000000ab6       0x32 /opt/src/gcc-arm-none-eabi-4_8-2014q1/bin/../lib/gcc/arm-none-eabi/4.8.3/../../../../arm-none-eabi/lib/armv7e-m/softfp/libc_s.a(lib_a-vfprintf_i.o)
 .ARM.attributes
                0x0000000000000ae8       0x32 /opt/src/gcc-arm-none-eabi-4_8-2014q1/bin/../lib/gcc/arm-none-eabi/4.8.3/../../../../arm-none-eabi/lib/armv7e-m/softfp/libc_s.a(lib_a-vfscanf_float.o)
 .ARM.attributes
                0x0000000000000b1a       0x32 /opt/src/gcc-arm-none-eabi-4_8-2014q1/bin/../lib/gcc/arm-none-eabi/4.8.3/../../../../arm-none-eabi/lib/armv7e-m/softfp/libc_s.a(lib_a-wbuf.o)
 .ARM.attributes
                0x0000000000000b4c       0x32 /opt/src/gcc-arm-none-eabi-4_8-2014q1/bin/../lib/gcc/arm-none-eabi/4.8.3/../../../../arm-none-eabi/lib/armv7e-m/softfp/libc_s.a(lib_a-writer.o)
 .ARM.attributes
                0x0000000000000b7e       0x32 /opt/src/gcc-arm-none-eabi-4_8-2014q1/bin/../lib/gcc/arm-none-eabi/4.8.3/../../../../arm-none-eabi/lib/armv7e-m/softfp/libc_s.a(lib_a-wsetup.o)
 .ARM.attributes
                0x0000000000000bb0       0x32 /opt/src/gcc-arm-none-eabi-4_8-2014q1/bin/../lib/gcc/arm-none-eabi/4.8.3/../../../../arm-none-eabi/lib/armv7e-m/softfp/libc_s.a(lib_a-closer.o)
 .ARM.attributes
                0x0000000000000be2       0x32 /opt/src/gcc-arm-none-eabi-4_8-2014q1/bin/../lib/gcc/arm-none-eabi/4.8.3/../../../../arm-none-eabi/lib/armv7e-m/softfp/libc_s.a(lib_a-ctype_.o)
 .ARM.attributes
                0x0000000000000c14       0x32 /opt/src/gcc-arm-none-eabi-4_8-2014q1/bin/../lib/gcc/arm-none-eabi/4.8.3/../../../../arm-none-eabi/lib/armv7e-m/softfp/libc_s.a(lib_a-dtoa.o)
 .ARM.attributes
                0x0000000000000c46       0x32 /opt/src/gcc-arm-none-eabi-4_8-2014q1/bin/../lib/gcc/arm-none-eabi/4.8.3/../../../../arm-none-eabi/lib/armv7e-m/softfp/libc_s.a(lib_a-fstatr.o)
 .ARM.attributes
                0x0000000000000c78       0x32 /opt/src/gcc-arm-none-eabi-4_8-2014q1/bin/../lib/gcc/arm-none-eabi/4.8.3/../../../../arm-none-eabi/lib/armv7e-m/softfp/libc_s.a(lib_a-isattyr.o)
 .ARM.attributes
                0x0000000000000caa       0x32 /opt/src/gcc-arm-none-eabi-4_8-2014q1/bin/../lib/gcc/arm-none-eabi/4.8.3/../../../../arm-none-eabi/lib/armv7e-m/softfp/libc_s.a(lib_a-locale.o)
 .ARM.attributes
                0x0000000000000cdc       0x32 /opt/src/gcc-arm-none-eabi-4_8-2014q1/bin/../lib/gcc/arm-none-eabi/4.8.3/../../../../arm-none-eabi/lib/armv7e-m/softfp/libc_s.a(lib_a-lseekr.o)
 .ARM.attributes
                0x0000000000000d0e       0x32 /opt/src/gcc-arm-none-eabi-4_8-2014q1/bin/../lib/gcc/arm-none-eabi/4.8.3/../../../../arm-none-eabi/lib/armv7e-m/softfp/libc_s.a(lib_a-mprec.o)
 .ARM.attributes
                0x0000000000000d40       0x32 /opt/src/gcc-arm-none-eabi-4_8-2014q1/bin/../lib/gcc/arm-none-eabi/4.8.3/../../../../arm-none-eabi/lib/armv7e-m/softfp/libc_s.a(lib_a-nano-callocr.o)
 .ARM.attributes
                0x0000000000000d72       0x32 /opt/src/gcc-arm-none-eabi-4_8-2014q1/bin/../lib/gcc/arm-none-eabi/4.8.3/../../../../arm-none-eabi/lib/armv7e-m/softfp/libc_s.a(lib_a-nano-reallocr.o)
 .ARM.attributes
                0x0000000000000da4       0x32 /opt/src/gcc-arm-none-eabi-4_8-2014q1/bin/../lib/gcc/arm-none-eabi/4.8.3/../../../../arm-none-eabi/lib/armv7e-m/softfp/libc_s.a(lib_a-readr.o)
 .ARM.attributes
                0x0000000000000dd6       0x32 /opt/src/gcc-arm-none-eabi-4_8-2014q1/bin/../lib/gcc/arm-none-eabi/4.8.3/../../../../arm-none-eabi/lib/armv7e-m/softfp/libc_s.a(lib_a-s_fpclassify.o)
 .ARM.attributes
                0x0000000000000e08       0x32 /opt/src/gcc-arm-none-eabi-4_8-2014q1/bin/../lib/gcc/arm-none-eabi/4.8.3/../../../../arm-none-eabi/lib/armv7e-m/softfp/libc_s.a(lib_a-sf_nan.o)
 .ARM.attributes
                0x0000000000000e3a       0x32 /opt/src/gcc-arm-none-eabi-4_8-2014q1/bin/../lib/gcc/arm-none-eabi/4.8.3/../../../../arm-none-eabi/lib/armv7e-m/softfp/libc_s.a(lib_a-strtod.o)
 .ARM.attributes
                0x0000000000000e6c       0x32 /opt/src/gcc-arm-none-eabi-4_8-2014q1/bin/../lib/gcc/arm-none-eabi/4.8.3/../../../../arm-none-eabi/lib/armv7e-m/softfp/libc_s.a(lib_a-strtol.o)
 .ARM.attributes
                0x0000000000000e9e       0x32 /opt/src/gcc-arm-none-eabi-4_8-2014q1/bin/../lib/gcc/arm-none-eabi/4.8.3/../../../../arm-none-eabi/lib/armv7e-m/softfp/libc_s.a(lib_a-gdtoa-gethex.o)
 .ARM.attributes
                0x0000000000000ed0       0x32 /opt/src/gcc-arm-none-eabi-4_8-2014q1/bin/../lib/gcc/arm-none-eabi/4.8.3/../../../../arm-none-eabi/lib/armv7e-m/softfp/libc_s.a(lib_a-gdtoa-hexnan.o)
 .ARM.attributes
                0x0000000000000f02       0x32 /opt/src/gcc-arm-none-eabi-4_8-2014q1/bin/../lib/gcc/arm-none-eabi/4.8.3/../../../../arm-none-eabi/lib/armv7e-m/softfp/libc_s.a(lib_a-nano-msizer.o)
 .ARM.attributes
                0x0000000000000f34       0x22 /opt/src/gcc-arm-none-eabi-4_8-2014q1/bin/../lib/gcc/arm-none-eabi/4.8.3/armv7e-m/softfp/libgcc.a(_arm_addsubdf3.o)
 .ARM.attributes
                0x0000000000000f56       0x22 /opt/src/gcc-arm-none-eabi-4_8-2014q1/bin/../lib/gcc/arm-none-eabi/4.8.3/armv7e-m/softfp/libgcc.a(_arm_muldivdf3.o)
 .ARM.attributes
                0x0000000000000f78       0x22 /opt/src/gcc-arm-none-eabi-4_8-2014q1/bin/../lib/gcc/arm-none-eabi/4.8.3/armv7e-m/softfp/libgcc.a(_arm_cmpdf2.o)
 .ARM.attributes
                0x0000000000000f9a       0x22 /opt/src/gcc-arm-none-eabi-4_8-2014q1/bin/../lib/gcc/arm-none-eabi/4.8.3/armv7e-m/softfp/libgcc.a(_arm_fixdfsi.o)
 .ARM.attributes
                0x0000000000000fbc       0x22 /opt/src/gcc-arm-none-eabi-4_8-2014q1/bin/../lib/gcc/arm-none-eabi/4.8.3/armv7e-m/softfp/libgcc.a(_arm_fixunsdfsi.o)
 .ARM.attributes
                0x0000000000000fde       0x22 /opt/src/gcc-arm-none-eabi-4_8-2014q1/bin/../lib/gcc/arm-none-eabi/4.8.3/armv7e-m/softfp/libgcc.a(_arm_truncdfsf2.o)
 .ARM.attributes
                0x0000000000001000       0x32 /opt/src/gcc-arm-none-eabi-4_8-2014q1/bin/../lib/gcc/arm-none-eabi/4.8.3/armv7e-m/softfp/crtend.o
 .ARM.attributes
                0x0000000000001032       0x22 /opt/src/gcc-arm-none-eabi-4_8-2014q1/bin/../lib/gcc/arm-none-eabi/4.8.3/armv7e-m/softfp/crtn.o

.comment        0x0000000000000000       0x70
 .comment       0x0000000000000000       0x70 mbed/common/board.o
                                         0x71 (size before relaxing)
 .comment       0x0000000000000000       0x71 mbed/common/error.o
 .comment       0x0000000000000000       0x71 mbed/common/exit.o
 .comment       0x0000000000000000       0x71 mbed/common/gpio.o
 .comment       0x0000000000000000       0x71 mbed/common/pinmap_common.o
 .comment       0x0000000000000000       0x71 mbed/common/us_ticker_api.o
 .comment       0x0000000000000000       0x71 mbed/common/wait_api.o
 .comment       0x0000000000000000       0x71 mbed/targets/cmsis/TARGET_STM/TARGET_STM32F4/stm32f4xx_hal.o
 .comment       0x0000000000000000       0x71 mbed/targets/cmsis/TARGET_STM/TARGET_STM32F4/stm32f4xx_hal_cortex.o
 .comment       0x0000000000000000       0x71 mbed/targets/cmsis/TARGET_STM/TARGET_STM32F4/stm32f4xx_hal_gpio.o
 .comment       0x0000000000000000       0x71 mbed/targets/cmsis/TARGET_STM/TARGET_STM32F4/stm32f4xx_hal_rcc.o
 .comment       0x0000000000000000       0x71 mbed/targets/cmsis/TARGET_STM/TARGET_STM32F4/stm32f4xx_hal_tim.o
 .comment       0x0000000000000000       0x71 mbed/targets/cmsis/TARGET_STM/TARGET_STM32F4/stm32f4xx_hal_uart.o
 .comment       0x0000000000000000       0x71 mbed/targets/cmsis/TARGET_STM/TARGET_STM32F4/TARGET_STM32F407VG/cmsis_nvic.o
 .comment       0x0000000000000000       0x71 mbed/targets/cmsis/TARGET_STM/TARGET_STM32F4/TARGET_STM32F407VG/hal_tick.o
 .comment       0x0000000000000000       0x71 mbed/targets/cmsis/TARGET_STM/TARGET_STM32F4/TARGET_STM32F407VG/system_stm32f4xx.o
 .comment       0x0000000000000000       0x71 mbed/targets/hal/TARGET_STM/TARGET_STM32F407VG/gpio_api.o
 .comment       0x0000000000000000       0x71 mbed/targets/hal/TARGET_STM/TARGET_STM32F407VG/mbed_overrides.o
 .comment       0x0000000000000000       0x71 mbed/targets/hal/TARGET_STM/TARGET_STM32F407VG/PeripheralPins.o
 .comment       0x0000000000000000       0x71 mbed/targets/hal/TARGET_STM/TARGET_STM32F407VG/pinmap.o
 .comment       0x0000000000000000       0x71 mbed/targets/hal/TARGET_STM/TARGET_STM32F407VG/serial_api.o
 .comment       0x0000000000000000       0x71 mbed/targets/hal/TARGET_STM/TARGET_STM32F407VG/us_ticker.o
 .comment       0x0000000000000000       0x71 main.o
 .comment       0x0000000000000000       0x71 env/test_env.o
 .comment       0x0000000000000000       0x71 mbed/common/retarget.o

.debug_info     0x0000000000000000    0x14dc0
 .debug_info    0x0000000000000000       0xf9 mbed/common/board.o
 .debug_info    0x00000000000000f9      0x95c mbed/common/error.o
 .debug_info    0x0000000000000a55      0x902 mbed/common/exit.o
 .debug_info    0x0000000000001357      0xab1 mbed/common/gpio.o
 .debug_info    0x0000000000001e08      0x70f mbed/common/pinmap_common.o
 .debug_info    0x0000000000002517      0x323 mbed/common/us_ticker_api.o
 .debug_info    0x000000000000283a      0x154 mbed/common/wait_api.o
 .debug_info    0x000000000000298e      0x89e mbed/targets/cmsis/TARGET_STM/TARGET_STM32F4/stm32f4xx_hal.o
 .debug_info    0x000000000000322c      0xcd4 mbed/targets/cmsis/TARGET_STM/TARGET_STM32F4/stm32f4xx_hal_cortex.o
 .debug_info    0x0000000000003f00      0x6e8 mbed/targets/cmsis/TARGET_STM/TARGET_STM32F4/stm32f4xx_hal_gpio.o
 .debug_info    0x00000000000045e8      0xff1 mbed/targets/cmsis/TARGET_STM/TARGET_STM32F4/stm32f4xx_hal_rcc.o
 .debug_info    0x00000000000055d9     0x3316 mbed/targets/cmsis/TARGET_STM/TARGET_STM32F4/stm32f4xx_hal_tim.o
 .debug_info    0x00000000000088ef     0x11b6 mbed/targets/cmsis/TARGET_STM/TARGET_STM32F4/stm32f4xx_hal_uart.o
 .debug_info    0x0000000000009aa5      0x530 mbed/targets/cmsis/TARGET_STM/TARGET_STM32F4/TARGET_STM32F407VG/cmsis_nvic.o
 .debug_info    0x0000000000009fd5      0xc43 mbed/targets/cmsis/TARGET_STM/TARGET_STM32F4/TARGET_STM32F407VG/hal_tick.o
 .debug_info    0x000000000000ac18      0x7cc mbed/targets/cmsis/TARGET_STM/TARGET_STM32F4/TARGET_STM32F407VG/system_stm32f4xx.o
 .debug_info    0x000000000000b3e4      0x7e6 mbed/targets/hal/TARGET_STM/TARGET_STM32F407VG/gpio_api.o
 .debug_info    0x000000000000bbca      0x100 mbed/targets/hal/TARGET_STM/TARGET_STM32F407VG/mbed_overrides.o
 .debug_info    0x000000000000bcca      0x784 mbed/targets/hal/TARGET_STM/TARGET_STM32F407VG/PeripheralPins.o
 .debug_info    0x000000000000c44e      0xa02 mbed/targets/hal/TARGET_STM/TARGET_STM32F407VG/pinmap.o
 .debug_info    0x000000000000ce50     0x17e0 mbed/targets/hal/TARGET_STM/TARGET_STM32F407VG/serial_api.o
 .debug_info    0x000000000000e630      0x655 mbed/targets/hal/TARGET_STM/TARGET_STM32F407VG/us_ticker.o
 .debug_info    0x000000000000ec85     0x18eb main.o
 .debug_info    0x0000000000010570     0x1f68 env/test_env.o
 .debug_info    0x00000000000124d8     0x28e8 mbed/common/retarget.o

.debug_abbrev   0x0000000000000000     0x391f
 .debug_abbrev  0x0000000000000000       0xc3 mbed/common/board.o
 .debug_abbrev  0x00000000000000c3      0x210 mbed/common/error.o
 .debug_abbrev  0x00000000000002d3      0x1d6 mbed/common/exit.o
 .debug_abbrev  0x00000000000004a9      0x207 mbed/common/gpio.o
 .debug_abbrev  0x00000000000006b0      0x178 mbed/common/pinmap_common.o
 .debug_abbrev  0x0000000000000828      0x18b mbed/common/us_ticker_api.o
 .debug_abbrev  0x00000000000009b3       0xa7 mbed/common/wait_api.o
 .debug_abbrev  0x0000000000000a5a      0x1f4 mbed/targets/cmsis/TARGET_STM/TARGET_STM32F4/stm32f4xx_hal.o
 .debug_abbrev  0x0000000000000c4e      0x2bb mbed/targets/cmsis/TARGET_STM/TARGET_STM32F4/stm32f4xx_hal_cortex.o
 .debug_abbrev  0x0000000000000f09      0x1bf mbed/targets/cmsis/TARGET_STM/TARGET_STM32F4/stm32f4xx_hal_gpio.o
 .debug_abbrev  0x00000000000010c8      0x2e5 mbed/targets/cmsis/TARGET_STM/TARGET_STM32F4/stm32f4xx_hal_rcc.o
 .debug_abbrev  0x00000000000013ad      0x315 mbed/targets/cmsis/TARGET_STM/TARGET_STM32F4/stm32f4xx_hal_tim.o
 .debug_abbrev  0x00000000000016c2      0x2b3 mbed/targets/cmsis/TARGET_STM/TARGET_STM32F4/stm32f4xx_hal_uart.o
 .debug_abbrev  0x0000000000001975      0x154 mbed/targets/cmsis/TARGET_STM/TARGET_STM32F4/TARGET_STM32F407VG/cmsis_nvic.o
 .debug_abbrev  0x0000000000001ac9      0x278 mbed/targets/cmsis/TARGET_STM/TARGET_STM32F4/TARGET_STM32F407VG/hal_tick.o
 .debug_abbrev  0x0000000000001d41      0x24b mbed/targets/cmsis/TARGET_STM/TARGET_STM32F4/TARGET_STM32F407VG/system_stm32f4xx.o
 .debug_abbrev  0x0000000000001f8c      0x1ce mbed/targets/hal/TARGET_STM/TARGET_STM32F407VG/gpio_api.o
 .debug_abbrev  0x000000000000215a       0xba mbed/targets/hal/TARGET_STM/TARGET_STM32F407VG/mbed_overrides.o
 .debug_abbrev  0x0000000000002214       0xcc mbed/targets/hal/TARGET_STM/TARGET_STM32F407VG/PeripheralPins.o
 .debug_abbrev  0x00000000000022e0      0x1c0 mbed/targets/hal/TARGET_STM/TARGET_STM32F407VG/pinmap.o
 .debug_abbrev  0x00000000000024a0      0x398 mbed/targets/hal/TARGET_STM/TARGET_STM32F407VG/serial_api.o
 .debug_abbrev  0x0000000000002838      0x19f mbed/targets/hal/TARGET_STM/TARGET_STM32F407VG/us_ticker.o
 .debug_abbrev  0x00000000000029d7      0x39f main.o
 .debug_abbrev  0x0000000000002d76      0x4ea env/test_env.o
 .debug_abbrev  0x0000000000003260      0x6bf mbed/common/retarget.o

.debug_aranges  0x0000000000000000      0xb70
 .debug_aranges
                0x0000000000000000       0x20 mbed/common/board.o
 .debug_aranges
                0x0000000000000020       0x20 mbed/common/error.o
 .debug_aranges
                0x0000000000000040       0x20 mbed/common/exit.o
 .debug_aranges
                0x0000000000000060       0x48 mbed/common/gpio.o
 .debug_aranges
                0x00000000000000a8       0x38 mbed/common/pinmap_common.o
 .debug_aranges
                0x00000000000000e0       0x38 mbed/common/us_ticker_api.o
 .debug_aranges
                0x0000000000000118       0x30 mbed/common/wait_api.o
 .debug_aranges
                0x0000000000000148       0xc0 mbed/targets/cmsis/TARGET_STM/TARGET_STM32F4/stm32f4xx_hal.o
 .debug_aranges
                0x0000000000000208       0x90 mbed/targets/cmsis/TARGET_STM/TARGET_STM32F4/stm32f4xx_hal_cortex.o
 .debug_aranges
                0x0000000000000298       0x58 mbed/targets/cmsis/TARGET_STM/TARGET_STM32F4/stm32f4xx_hal_gpio.o
 .debug_aranges
                0x00000000000002f0       0x88 mbed/targets/cmsis/TARGET_STM/TARGET_STM32F4/stm32f4xx_hal_rcc.o
 .debug_aranges
                0x0000000000000378      0x320 mbed/targets/cmsis/TARGET_STM/TARGET_STM32F4/stm32f4xx_hal_tim.o
 .debug_aranges